Archive member included to satisfy reference by file (symbol)

c:/program files (x86)/gnu tools arm embedded/7 2018-q2-update/bin/../lib/gcc/arm-none-eabi/7.3.1/../../../../arm-none-eabi/lib/thumb/v6-m\libm.a(lib_a-s_ceil.o)
                              ./objects/sx1276.o (ceil)
c:/program files (x86)/gnu tools arm embedded/7 2018-q2-update/bin/../lib/gcc/arm-none-eabi/7.3.1/../../../../arm-none-eabi/lib/thumb/v6-m\libm.a(lib_a-s_floor.o)
                              ./objects/sx1276.o (floor)
c:/program files (x86)/gnu tools arm embedded/7 2018-q2-update/bin/../lib/gcc/arm-none-eabi/7.3.1/../../../../arm-none-eabi/lib/thumb/v6-m\libm.a(lib_a-s_round.o)
                              ./objects/sx1276.o (round)
c:/program files (x86)/gnu tools arm embedded/7 2018-q2-update/bin/../lib/gcc/arm-none-eabi/7.3.1/thumb/v6-m\libgcc.a(_udivsi3.o)
                              ./objects/sx1276.o (__aeabi_uidiv)
c:/program files (x86)/gnu tools arm embedded/7 2018-q2-update/bin/../lib/gcc/arm-none-eabi/7.3.1/thumb/v6-m\libgcc.a(_divsi3.o)
                              ./objects/sx1276.o (__aeabi_idiv)
c:/program files (x86)/gnu tools arm embedded/7 2018-q2-update/bin/../lib/gcc/arm-none-eabi/7.3.1/thumb/v6-m\libgcc.a(_dvmd_tls.o)
                              c:/program files (x86)/gnu tools arm embedded/7 2018-q2-update/bin/../lib/gcc/arm-none-eabi/7.3.1/thumb/v6-m\libgcc.a(_udivsi3.o) (__aeabi_idiv0)
c:/program files (x86)/gnu tools arm embedded/7 2018-q2-update/bin/../lib/gcc/arm-none-eabi/7.3.1/thumb/v6-m\libgcc.a(_arm_cmpdf2.o)
                              ./objects/sx1276.o (__aeabi_dcmpgt)
c:/program files (x86)/gnu tools arm embedded/7 2018-q2-update/bin/../lib/gcc/arm-none-eabi/7.3.1/thumb/v6-m\libgcc.a(_arm_cmpsf2.o)
                              ./objects/hw_rtc.o (__aeabi_fcmplt)
c:/program files (x86)/gnu tools arm embedded/7 2018-q2-update/bin/../lib/gcc/arm-none-eabi/7.3.1/thumb/v6-m\libgcc.a(_aeabi_ldivmod.o)
                              ./objects/stm32l0xx_hal_uart.o (__aeabi_ldivmod)
c:/program files (x86)/gnu tools arm embedded/7 2018-q2-update/bin/../lib/gcc/arm-none-eabi/7.3.1/thumb/v6-m\libgcc.a(_aeabi_uldivmod.o)
                              ./objects/stm32l0xx_hal_uart.o (__aeabi_uldivmod)
c:/program files (x86)/gnu tools arm embedded/7 2018-q2-update/bin/../lib/gcc/arm-none-eabi/7.3.1/thumb/v6-m\libgcc.a(_fixunssfsi.o)
                              ./objects/hw_rtc.o (__aeabi_f2uiz)
c:/program files (x86)/gnu tools arm embedded/7 2018-q2-update/bin/../lib/gcc/arm-none-eabi/7.3.1/thumb/v6-m\libgcc.a(_fixunsdfsi.o)
                              ./objects/sx1276.o (__aeabi_d2uiz)
c:/program files (x86)/gnu tools arm embedded/7 2018-q2-update/bin/../lib/gcc/arm-none-eabi/7.3.1/thumb/v6-m\libgcc.a(_udivmoddi4.o)
                              c:/program files (x86)/gnu tools arm embedded/7 2018-q2-update/bin/../lib/gcc/arm-none-eabi/7.3.1/thumb/v6-m\libgcc.a(_aeabi_uldivmod.o) (__udivmoddi4)
c:/program files (x86)/gnu tools arm embedded/7 2018-q2-update/bin/../lib/gcc/arm-none-eabi/7.3.1/thumb/v6-m\libgcc.a(bpabi.o)
                              c:/program files (x86)/gnu tools arm embedded/7 2018-q2-update/bin/../lib/gcc/arm-none-eabi/7.3.1/thumb/v6-m\libgcc.a(_aeabi_ldivmod.o) (__gnu_ldivmod_helper)
c:/program files (x86)/gnu tools arm embedded/7 2018-q2-update/bin/../lib/gcc/arm-none-eabi/7.3.1/thumb/v6-m\libgcc.a(addsf3.o)
                              ./objects/hw_rtc.o (__aeabi_fadd)
c:/program files (x86)/gnu tools arm embedded/7 2018-q2-update/bin/../lib/gcc/arm-none-eabi/7.3.1/thumb/v6-m\libgcc.a(divsf3.o)
                              ./objects/hw_rtc.o (__aeabi_fdiv)
c:/program files (x86)/gnu tools arm embedded/7 2018-q2-update/bin/../lib/gcc/arm-none-eabi/7.3.1/thumb/v6-m\libgcc.a(eqsf2.o)
                              c:/program files (x86)/gnu tools arm embedded/7 2018-q2-update/bin/../lib/gcc/arm-none-eabi/7.3.1/thumb/v6-m\libgcc.a(_arm_cmpsf2.o) (__eqsf2)
c:/program files (x86)/gnu tools arm embedded/7 2018-q2-update/bin/../lib/gcc/arm-none-eabi/7.3.1/thumb/v6-m\libgcc.a(gesf2.o)
                              c:/program files (x86)/gnu tools arm embedded/7 2018-q2-update/bin/../lib/gcc/arm-none-eabi/7.3.1/thumb/v6-m\libgcc.a(_arm_cmpsf2.o) (__gesf2)
c:/program files (x86)/gnu tools arm embedded/7 2018-q2-update/bin/../lib/gcc/arm-none-eabi/7.3.1/thumb/v6-m\libgcc.a(lesf2.o)
                              c:/program files (x86)/gnu tools arm embedded/7 2018-q2-update/bin/../lib/gcc/arm-none-eabi/7.3.1/thumb/v6-m\libgcc.a(_arm_cmpsf2.o) (__lesf2)
c:/program files (x86)/gnu tools arm embedded/7 2018-q2-update/bin/../lib/gcc/arm-none-eabi/7.3.1/thumb/v6-m\libgcc.a(mulsf3.o)
                              ./objects/hw_rtc.o (__aeabi_fmul)
c:/program files (x86)/gnu tools arm embedded/7 2018-q2-update/bin/../lib/gcc/arm-none-eabi/7.3.1/thumb/v6-m\libgcc.a(subsf3.o)
                              ./objects/hw_rtc.o (__aeabi_fsub)
[...]
Memory Configuration

Name             Origin             Length             Attributes
RAM              0x20000000         0x00005000         xrw
FLASH            0x08000000         0x00030000         xr
*default*        0x00000000         0xffffffff

Linker script and memory map

LOAD c:/program files (x86)/gnu tools arm embedded/7 2018-q2-update/bin/../lib/gcc/arm-none-eabi/7.3.1/thumb/v6-m/crti.o
LOAD c:/program files (x86)/gnu tools arm embedded/7 2018-q2-update/bin/../lib/gcc/arm-none-eabi/7.3.1/thumb/v6-m/crtbegin.o
LOAD c:/program files (x86)/gnu tools arm embedded/7 2018-q2-update/bin/../lib/gcc/arm-none-eabi/7.3.1/../../../../arm-none-eabi/lib/thumb/v6-m/crt0.o
LOAD ./objects/sx1276.o
LOAD ./objects/mlm32l07x01.o
LOAD ./objects/b-l072z-lrwan1.o
LOAD ./objects/system_stm32l0xx.o
LOAD ./objects/stm32l0xx_hal_spi.o
LOAD ./objects/stm32l0xx_hal_uart.o
LOAD ./objects/stm32l0xx_hal_adc.o
LOAD ./objects/stm32l0xx_hal_rcc.o
LOAD ./objects/stm32l0xx_hal_rcc_ex.o
LOAD ./objects/stm32l0xx_hal.o
LOAD ./objects/stm32l0xx_hal_cortex.o
LOAD ./objects/stm32l0xx_hal_gpio.o
LOAD ./objects/stm32l0xx_hal_dma.o
LOAD ./objects/stm32l0xx_hal_pwr.o
LOAD ./objects/stm32l0xx_hal_pwr_ex.o
LOAD ./objects/stm32l0xx_hal_rtc.o
LOAD ./objects/stm32l0xx_hal_rtc_ex.o
LOAD ./objects/stm32l0xx_hal_tim.o
LOAD ./objects/stm32l0xx_hal_tim_ex.o
LOAD ./objects/stm32l0xx_hal_adc_ex.o
LOAD ./objects/stm32l0xx_hal_uart_ex.o
LOAD ./objects/stm32l0xx_hal_i2c.o
LOAD ./objects/startup_stm32l072xx.o
LOAD ./objects/bsp.o
LOAD ./objects/debug.o
LOAD ./objects/hw_gpio.o
LOAD ./objects/hw_rtc.o
LOAD ./objects/hw_spi.o
LOAD ./objects/main.o
LOAD ./objects/vcom.o
LOAD ./objects/mlm32l0xx_hal_msp.o
LOAD ./objects/mlm32l0xx_hw.o
LOAD ./objects/mlm32l0xx_it.o
LOAD ./objects/lora.o
LOAD ./objects/lora-test.o
LOAD ./objects/loramac.o
LOAD ./objects/loramaccrypto.o
LOAD ./objects/loramacclassb.o
LOAD ./objects/loramaccommands.o
LOAD ./objects/loramacconfirmqueue.o
LOAD ./objects/loramacfcnthandler.o
LOAD ./objects/loramacparser.o
LOAD ./objects/loramacserializer.o
LOAD ./objects/loramacadr.o
LOAD ./objects/region.o
LOAD ./objects/regionas923.o
LOAD ./objects/regionau915.o
LOAD ./objects/regioncn470.o
LOAD ./objects/regioncn779.o
LOAD ./objects/regioncommon.o
LOAD ./objects/regioneu433.o
LOAD ./objects/regioneu868.o
LOAD ./objects/regionin865.o
LOAD ./objects/regionkr920.o
LOAD ./objects/regionus915.o
LOAD ./objects/regionru864.o
LOAD ./objects/low_power_manager.o
LOAD ./objects/timeserver.o
LOAD ./objects/utilities.o
LOAD ./objects/queue.o
LOAD ./objects/trace.o
LOAD ./objects/systime.o
LOAD ./objects/aes.o
LOAD ./objects/cmac.o
LOAD ./objects/soft-se.o
LOAD c:/program files (x86)/gnu tools arm embedded/7 2018-q2-update/bin/../lib/gcc/arm-none-eabi/7.3.1/../../../../arm-none-eabi/lib/thumb/v6-m\libm.a
START GROUP
LOAD c:/program files (x86)/gnu tools arm embedded/7 2018-q2-update/bin/../lib/gcc/arm-none-eabi/7.3.1/thumb/v6-m\libgcc.a
LOAD c:/program files (x86)/gnu tools arm embedded/7 2018-q2-update/bin/../lib/gcc/arm-none-eabi/7.3.1/../../../../arm-none-eabi/lib/thumb/v6-m\libc_nano.a
END GROUP
START GROUP
LOAD c:/program files (x86)/gnu tools arm embedded/7 2018-q2-update/bin/../lib/gcc/arm-none-eabi/7.3.1/thumb/v6-m\libgcc.a
LOAD c:/program files (x86)/gnu tools arm embedded/7 2018-q2-update/bin/../lib/gcc/arm-none-eabi/7.3.1/../../../../arm-none-eabi/lib/thumb/v6-m\libc_nano.a
LOAD c:/program files (x86)/gnu tools arm embedded/7 2018-q2-update/bin/../lib/gcc/arm-none-eabi/7.3.1/../../../../arm-none-eabi/lib/thumb/v6-m\libnosys.a
END GROUP
START GROUP
LOAD c:/program files (x86)/gnu tools arm embedded/7 2018-q2-update/bin/../lib/gcc/arm-none-eabi/7.3.1/thumb/v6-m\libgcc.a
LOAD c:/program files (x86)/gnu tools arm embedded/7 2018-q2-update/bin/../lib/gcc/arm-none-eabi/7.3.1/../../../../arm-none-eabi/lib/thumb/v6-m\libc_nano.a
LOAD c:/program files (x86)/gnu tools arm embedded/7 2018-q2-update/bin/../lib/gcc/arm-none-eabi/7.3.1/../../../../arm-none-eabi/lib/thumb/v6-m\libnosys.a
END GROUP
LOAD c:/program files (x86)/gnu tools arm embedded/7 2018-q2-update/bin/../lib/gcc/arm-none-eabi/7.3.1/thumb/v6-m/crtend.o
LOAD c:/program files (x86)/gnu tools arm embedded/7 2018-q2-update/bin/../lib/gcc/arm-none-eabi/7.3.1/thumb/v6-m/crtn.o
                0x20005000                _estack = 0x20005000
                0x00000200                _Min_Heap_Size = 0x200
                0x00000400                _Min_Stack_Size = 0x400

.isr_vector     0x08000000       0xc0
                0x08000000                . = ALIGN (0x4)
 *(.isr_vector)
 .isr_vector    0x08000000       0xc0 ./objects/startup_stm32l072xx.o
                0x08000000                g_pfnVectors
                0x080000c0                . = ALIGN (0x4)

.text           0x080000c0    0x16f14
                0x080000c0                . = ALIGN (0x4)
 *(.text)
 .text          0x080000c0       0x48 c:/program files (x86)/gnu tools arm embedded/7 2018-q2-update/bin/../lib/gcc/arm-none-eabi/7.3.1/thumb/v6-m/crtbegin.o
 .text          0x08000108      0x114 c:/program files (x86)/gnu tools arm embedded/7 2018-q2-update/bin/../lib/gcc/arm-none-eabi/7.3.1/thumb/v6-m\libgcc.a(_udivsi3.o)
                0x08000108                __aeabi_uidiv
                0x08000108                __udivsi3
                0x08000214                __aeabi_uidivmod
 .text          0x0800021c      0x1d4 c:/program files (x86)/gnu tools arm embedded/7 2018-q2-update/bin/../lib/gcc/arm-none-eabi/7.3.1/thumb/v6-m\libgcc.a(_divsi3.o)
                0x0800021c                __divsi3
                0x0800021c                __aeabi_idiv
                0x080003e8                __aeabi_idivmod
 .text          0x080003f0        0x4 c:/program files (x86)/gnu tools arm embedded/7 2018-q2-update/bin/../lib/gcc/arm-none-eabi/7.3.1/thumb/v6-m\libgcc.a(_dvmd_tls.o)
                0x080003f0                __aeabi_idiv0
                0x080003f0                __aeabi_ldiv0
 .text          0x080003f4       0x7c c:/program files (x86)/gnu tools arm embedded/7 2018-q2-update/bin/../lib/gcc/arm-none-eabi/7.3.1/thumb/v6-m\libgcc.a(_arm_cmpdf2.o)
                0x080003f4                __aeabi_cdrcmple
                0x08000404                __aeabi_cdcmple
                0x08000404                __aeabi_cdcmpeq
                0x08000414                __aeabi_dcmpeq
                0x08000420                __aeabi_dcmplt
                0x08000434                __aeabi_dcmple
                0x08000448                __aeabi_dcmpgt
                0x0800045c                __aeabi_dcmpge
 .text          0x08000470       0x74 c:/program files (x86)/gnu tools arm embedded/7 2018-q2-update/bin/../lib/gcc/arm-none-eabi/7.3.1/thumb/v6-m\libgcc.a(_arm_cmpsf2.o)
                0x08000470                __aeabi_cfrcmple
                0x08000478                __aeabi_cfcmpeq
                0x08000478                __aeabi_cfcmple
                0x08000488                __aeabi_fcmpeq
                0x08000494                __aeabi_fcmplt
                0x080004a8                __aeabi_fcmple
                0x080004bc                __aeabi_fcmpgt
                0x080004d0                __aeabi_fcmpge
 .text          0x080004e4       0x40 c:/program files (x86)/gnu tools arm embedded/7 2018-q2-update/bin/../lib/gcc/arm-none-eabi/7.3.1/thumb/v6-m\libgcc.a(_aeabi_uldivmod.o)
                0x080004e4                __aeabi_uldivmod
 .text          0x08000524       0x30 c:/program files (x86)/gnu tools arm embedded/7 2018-q2-update/bin/../lib/gcc/arm-none-eabi/7.3.1/thumb/v6-m\libgcc.a(_fixunssfsi.o)
                0x08000524                __fixunssfsi
                0x08000524                __aeabi_f2uiz
 .text          0x08000554       0x3c c:/program files (x86)/gnu tools arm embedded/7 2018-q2-update/bin/../lib/gcc/arm-none-eabi/7.3.1/thumb/v6-m\libgcc.a(_fixunsdfsi.o)
                0x08000554                __aeabi_d2uiz
                0x08000554                __fixunsdfsi
 .text          0x08000590      0x184 c:/program files (x86)/gnu tools arm embedded/7 2018-q2-update/bin/../lib/gcc/arm-none-eabi/7.3.1/thumb/v6-m\libgcc.a(_udivmoddi4.o)
                0x08000590                __udivmoddi4
 .text          0x08000714      0x224 c:/program files (x86)/gnu tools arm embedded/7 2018-q2-update/bin/../lib/gcc/arm-none-eabi/7.3.1/thumb/v6-m\libgcc.a(divsf3.o)
                0x08000714                __aeabi_fdiv
 .text          0x08000938       0x50 c:/program files (x86)/gnu tools arm embedded/7 2018-q2-update/bin/../lib/gcc/arm-none-eabi/7.3.1/thumb/v6-m\libgcc.a(eqsf2.o)
                0x08000938                __eqsf2
                0x08000938                __nesf2
 .text          0x08000988       0x9c c:/program files (x86)/gnu tools arm embedded/7 2018-q2-update/bin/../lib/gcc/arm-none-eabi/7.3.1/thumb/v6-m\libgcc.a(gesf2.o)
                0x08000988                __gesf2
                0x08000988                __gtsf2
 .text          0x08000a24       0xa0 c:/program files (x86)/gnu tools arm embedded/7 2018-q2-update/bin/../lib/gcc/arm-none-eabi/7.3.1/thumb/v6-m\libgcc.a(lesf2.o)
                0x08000a24                __ltsf2
                0x08000a24                __lesf2
 .text          0x08000ac4      0x264 c:/program files (x86)/gnu tools arm embedded/7 2018-q2-update/bin/../lib/gcc/arm-none-eabi/7.3.1/thumb/v6-m\libgcc.a(mulsf3.o)
                0x08000ac4                __aeabi_fmul
 .text          0x08000d28      0x388 c:/program files (x86)/gnu tools arm embedded/7 2018-q2-update/bin/../lib/gcc/arm-none-eabi/7.3.1/thumb/v6-m\libgcc.a(subsf3.o)
                0x08000d28                __aeabi_fsub
 .text          0x080010b0       0x40 c:/program files (x86)/gnu tools arm embedded/7 2018-q2-update/bin/../lib/gcc/arm-none-eabi/7.3.1/thumb/v6-m\libgcc.a(fixsfsi.o)
                0x080010b0                __aeabi_f2iz
 .text          0x080010f0       0x80 c:/program files (x86)/gnu tools arm embedded/7 2018-q2-update/bin/../lib/gcc/arm-none-eabi/7.3.1/thumb/v6-m\libgcc.a(floatunsisf.o)
                0x080010f0                __aeabi_ui2f
 .text          0x08001170      0x638 c:/program files (x86)/gnu tools arm embedded/7 2018-q2-update/bin/../lib/gcc/arm-none-eabi/7.3.1/thumb/v6-m\libgcc.a(adddf3.o)
                0x08001170                __aeabi_dadd
 .text          0x080017a8      0x604 c:/program files (x86)/gnu tools arm embedded/7 2018-q2-update/bin/../lib/gcc/arm-none-eabi/7.3.1/thumb/v6-m\libgcc.a(divdf3.o)
                0x080017a8                __aeabi_ddiv
 .text          0x08001dac       0x78 c:/program files (x86)/gnu tools arm embedded/7 2018-q2-update/bin/../lib/gcc/arm-none-eabi/7.3.1/thumb/v6-m\libgcc.a(eqdf2.o)
                0x08001dac                __nedf2
                0x08001dac                __eqdf2
 .text          0x08001e24       0xc8 c:/program files (x86)/gnu tools arm embedded/7 2018-q2-update/bin/../lib/gcc/arm-none-eabi/7.3.1/thumb/v6-m\libgcc.a(gedf2.o)
                0x08001e24                __gedf2
                0x08001e24                __gtdf2
 .text          0x08001eec       0xd0 c:/program files (x86)/gnu tools arm embedded/7 2018-q2-update/bin/../lib/gcc/arm-none-eabi/7.3.1/thumb/v6-m\libgcc.a(ledf2.o)
                0x08001eec                __ledf2
                0x08001eec                __ltdf2
 .text          0x08001fbc      0x4e4 c:/program files (x86)/gnu tools arm embedded/7 2018-q2-update/bin/../lib/gcc/arm-none-eabi/7.3.1/thumb/v6-m\libgcc.a(muldf3.o)
                0x08001fbc                __aeabi_dmul
 .text          0x080024a0      0x690 c:/program files (x86)/gnu tools arm embedded/7 2018-q2-update/bin/../lib/gcc/arm-none-eabi/7.3.1/thumb/v6-m\libgcc.a(subdf3.o)
                0x080024a0                __aeabi_dsub
 .text          0x08002b30       0x6c c:/program files (x86)/gnu tools arm embedded/7 2018-q2-update/bin/../lib/gcc/arm-none-eabi/7.3.1/thumb/v6-m\libgcc.a(fixdfsi.o)
                0x08002b30                __aeabi_d2iz
 .text          0x08002b9c       0x74 c:/program files (x86)/gnu tools arm embedded/7 2018-q2-update/bin/../lib/gcc/arm-none-eabi/7.3.1/thumb/v6-m\libgcc.a(floatsidf.o)
                0x08002b9c                __aeabi_i2d
 .text          0x08002c10       0x64 c:/program files (x86)/gnu tools arm embedded/7 2018-q2-update/bin/../lib/gcc/arm-none-eabi/7.3.1/thumb/v6-m\libgcc.a(floatunsidf.o)
                0x08002c10                __aeabi_ui2d
 .text          0x08002c74       0xa4 c:/program files (x86)/gnu tools arm embedded/7 2018-q2-update/bin/../lib/gcc/arm-none-eabi/7.3.1/thumb/v6-m\libgcc.a(extendsfdf2.o)
                0x08002c74                __aeabi_f2d
 .text          0x08002d18       0x3c c:/program files (x86)/gnu tools arm embedded/7 2018-q2-update/bin/../lib/gcc/arm-none-eabi/7.3.1/thumb/v6-m\libgcc.a(_clzsi2.o)
                0x08002d18                __clzsi2
 .text          0x08002d54       0x18 c:/program files (x86)/gnu tools arm embedded/7 2018-q2-update/bin/../lib/gcc/arm-none-eabi/7.3.1/thumb/v6-m\libgcc.a(_clzdi2.o)
                0x08002d54                __clzdi2
 *(.text*)
 .text.SX1276OnDio4Irq
                0x08002d6c       0x1c ./objects/sx1276.o
                0x08002d6c                SX1276OnDio4Irq
 .text.SX1276ReadBuffer.constprop.12
                0x08002d88       0x34 ./objects/sx1276.o
 .text.SX1276WriteBuffer.constprop.13
                0x08002dbc       0x34 ./objects/sx1276.o
 .text.SX1276SetOpMode.part.2
                0x08002df0       0x68 ./objects/sx1276.o
 .text.SX1276SetModem.part.3
                0x08002e58      0x248 ./objects/sx1276.o
 .text.SX1276OnDio3Irq
                0x080030a0       0xb0 ./objects/sx1276.o
                0x080030a0                SX1276OnDio3Irq
 .text.SX1276OnDio2Irq
                0x08003150      0x198 ./objects/sx1276.o
                0x08003150                SX1276OnDio2Irq
 .text.SX1276OnDio1Irq
                0x080032e8      0x21c ./objects/sx1276.o
                0x080032e8                SX1276OnDio1Irq
 .text.SX1276OnDio0Irq
                0x08003504      0x58c ./objects/sx1276.o
                0x08003504                SX1276OnDio0Irq
 .text.SX1276BoardInit
                0x08003a90        0xc ./objects/sx1276.o
                0x08003a90                SX1276BoardInit
 .text.SX1276GetStatus
                0x08003a9c        0xc ./objects/sx1276.o
                0x08003a9c                SX1276GetStatus
 .text.SX1276SetChannel
                0x08003aa8       0xa4 ./objects/sx1276.o
                0x08003aa8                SX1276SetChannel
 .text.RxChainCalibration
                0x08003b4c      0x2c4 ./objects/sx1276.o
                0x08003b4c                RxChainCalibration
 .text.SX1276Init
                0x08003e10      0x308 ./objects/sx1276.o
                0x08003e10                SX1276Init
 .text.SX1276OnTimeoutIrq
                0x08004118      0x370 ./objects/sx1276.o
                0x08004118                SX1276OnTimeoutIrq
 .text.SX1276SetRxConfig
                0x08004488      0x698 ./objects/sx1276.o
                0x08004488                SX1276SetRxConfig
 .text.SX1276SetTxConfig
                0x08004b20      0x5c0 ./objects/sx1276.o
                0x08004b20                SX1276SetTxConfig
 .text.SX1276GetTimeOnAir
                0x080050e0      0x264 ./objects/sx1276.o
                0x080050e0                SX1276GetTimeOnAir
 .text.SX1276SetSleep
                0x08005344       0x84 ./objects/sx1276.o
                0x08005344                SX1276SetSleep
 .text.SX1276ReadRssi
                0x080053c8       0xc0 ./objects/sx1276.o
                0x080053c8                SX1276ReadRssi
 .text.SX1276SetOpMode
                0x08005488       0x84 ./objects/sx1276.o
                0x08005488                SX1276SetOpMode
 .text.SX1276SetStby
                0x0800550c       0x28 ./objects/sx1276.o
                0x0800550c                SX1276SetStby
 .text.SX1276SetRx
                0x08005534      0x604 ./objects/sx1276.o
                0x08005534                SX1276SetRx
 .text.SX1276SetTx
                0x08005b38      0x1fc ./objects/sx1276.o
                0x08005b38                SX1276SetTx
 .text.SX1276StartCad
                0x08005d34       0x98 ./objects/sx1276.o
                0x08005d34                SX1276StartCad
 .text.SX1276IsChannelFree
                0x08005dcc      0x1c8 ./objects/sx1276.o
                0x08005dcc                SX1276IsChannelFree
 .text.SX1276Random
                0x08005f94      0x138 ./objects/sx1276.o
                0x08005f94                SX1276Random
 .text.SX1276SetTxContinuousWave
                0x080060cc      0x420 ./objects/sx1276.o
                0x080060cc                SX1276SetTxContinuousWave
 .text.SX1276Send
                0x080064ec      0x2d4 ./objects/sx1276.o
                0x080064ec                SX1276Send
 .text.SX1276SetModem
                0x080067c0       0x48 ./objects/sx1276.o
                0x080067c0                SX1276SetModem
 .text.SX1276Write
                0x08006808       0x34 ./objects/sx1276.o
                0x08006808                SX1276Write
 .text.SX1276Read
                0x0800683c       0x34 ./objects/sx1276.o
                0x0800683c                SX1276Read
 .text.SX1276WriteBuffer
                0x08006870       0x48 ./objects/sx1276.o
                0x08006870                SX1276WriteBuffer
 .text.SX1276ReadBuffer
                0x080068b8       0x48 ./objects/sx1276.o
                0x080068b8                SX1276ReadBuffer
 .text.SX1276SetMaxPayloadLength
                0x08006900      0x2e4 ./objects/sx1276.o
                0x08006900                SX1276SetMaxPayloadLength
 .text.SX1276SetPublicNetwork
                0x08006be4      0x1b0 ./objects/sx1276.o
                0x08006be4                SX1276SetPublicNetwork
 .text.SX1276GetWakeupTime
                0x08006d94       0x14 ./objects/sx1276.o
                0x08006d94                SX1276GetWakeupTime
 .text.SX1276GetWakeTime
                0x08006da8        0x4 ./objects/mlm32l07x01.o
                0x08006da8                SX1276GetWakeTime
 .text.SX1276CheckRfFrequency
                0x08006dac        0x4 ./objects/mlm32l07x01.o
                0x08006dac                SX1276CheckRfFrequency
 .text.SX1276SetRfTxPower
                0x08006db0       0xa8 ./objects/mlm32l07x01.o
                0x08006db0                SX1276SetRfTxPower
 .text.SX1276IoInit
                0x08006e58       0x78 ./objects/mlm32l07x01.o
                0x08006e58                SX1276IoInit
 .text.SX1276IoDeInit
                0x08006ed0       0x54 ./objects/mlm32l07x01.o
                0x08006ed0                SX1276IoDeInit
 .text.SX1276SetAntSwLowPower
                0x08006f24       0x70 ./objects/mlm32l07x01.o
                0x08006f24                SX1276SetAntSwLowPower
 .text.SX1276IoIrqInit
                0x08006f94       0x44 ./objects/mlm32l07x01.o
                0x08006f94                SX1276IoIrqInit
 .text.SX1276SetAntSw
                0x08006fd8       0x4c ./objects/mlm32l07x01.o
                0x08006fd8                SX1276SetAntSw
 .text.SX1276SetXO
                0x08007024       0x2c ./objects/mlm32l07x01.o
                0x08007024                SX1276SetXO
 .text.BSP_LED_Init
                0x08007050       0x90 ./objects/b-l072z-lrwan1.o
                0x08007050                BSP_LED_Init
 .text.BSP_LED_On
                0x080070e0       0x20 ./objects/b-l072z-lrwan1.o
                0x080070e0                BSP_LED_On
 .text.BSP_LED_Off
                0x08007100       0x20 ./objects/b-l072z-lrwan1.o
                0x08007100                BSP_LED_Off
 .text.SystemInit
                0x08007120       0x5c ./objects/system_stm32l0xx.o
                0x08007120                SystemInit
 .text.HAL_SPI_MspInit
                0x0800717c        0x4 ./objects/stm32l0xx_hal_spi.o
                0x0800717c                HAL_SPI_MspInit
 .text.HAL_SPI_Init
                0x08007180       0x80 ./objects/stm32l0xx_hal_spi.o
                0x08007180                HAL_SPI_Init
 .text.HAL_SPI_TransmitReceive
                0x08007200      0x550 ./objects/stm32l0xx_hal_spi.o
                0x08007200                HAL_SPI_TransmitReceive
 .text.HAL_UART_Transmit_DMA
                0x08007750       0x94 ./objects/stm32l0xx_hal_uart.o
                0x08007750                HAL_UART_Transmit_DMA
 .text.UART_DMATransmitCplt
                0x080077e4       0x30 ./objects/stm32l0xx_hal_uart.o
 .text.HAL_UART_TxHalfCpltCallback
                0x08007814        0x4 ./objects/stm32l0xx_hal_uart.o
                0x08007814                HAL_UART_TxHalfCpltCallback
 .text.UART_DMATxHalfCplt
                0x08007818        0xc ./objects/stm32l0xx_hal_uart.o
 .text.HAL_UART_RxCpltCallback
                0x08007824        0x4 ./objects/stm32l0xx_hal_uart.o
                0x08007824                HAL_UART_RxCpltCallback
 .text.HAL_UART_ErrorCallback
                0x08007828        0x4 ./objects/stm32l0xx_hal_uart.o
                0x08007828                HAL_UART_ErrorCallback
 .text.UART_DMAError
                0x0800782c       0x68 ./objects/stm32l0xx_hal_uart.o
 .text.HAL_UART_IRQHandler
                0x08007894      0x2a0 ./objects/stm32l0xx_hal_uart.o
                0x08007894                HAL_UART_IRQHandler
 .text.UART_DMAAbortOnError
                0x08007b34       0x14 ./objects/stm32l0xx_hal_uart.o
 .text.UART_SetConfig
                0x08007b48      0x304 ./objects/stm32l0xx_hal_uart.o
                0x08007b48                UART_SetConfig
 .text.UART_AdvFeatureConfig
                0x08007e4c       0xd0 ./objects/stm32l0xx_hal_uart.o
                0x08007e4c                UART_AdvFeatureConfig
 .text.HAL_UART_Init
                0x08007f1c      0x454 ./objects/stm32l0xx_hal_uart.o
                0x08007f1c                HAL_UART_Init
 .text.HAL_HalfDuplex_Init
                0x08008370      0x460 ./objects/stm32l0xx_hal_uart.o
                0x08008370                HAL_HalfDuplex_Init
 .text.HAL_MultiProcessor_Init
                0x080087d0      0x488 ./objects/stm32l0xx_hal_uart.o
                0x080087d0                HAL_MultiProcessor_Init
 .text.UART_CheckIdleState
                0x08008c58       0x9c ./objects/stm32l0xx_hal_uart.o
                0x08008c58                UART_CheckIdleState
 .text.HAL_LIN_Init
                0x08008cf4      0x3c0 ./objects/stm32l0xx_hal_uart.o
                0x08008cf4                HAL_LIN_Init
 .text.HAL_ADC_MspInit
                0x080090b4        0x4 ./objects/stm32l0xx_hal_adc.o
                0x080090b4                HAL_ADC_MspInit
 .text.HAL_ADC_Init
                0x080090b8      0x1c8 ./objects/stm32l0xx_hal_adc.o
                0x080090b8                HAL_ADC_Init
 .text.HAL_ADC_Start
                0x08009280       0xe0 ./objects/stm32l0xx_hal_adc.o
                0x08009280                HAL_ADC_Start
 .text.HAL_ADC_PollForConversion
                0x08009360       0xc0 ./objects/stm32l0xx_hal_adc.o
                0x08009360                HAL_ADC_PollForConversion
 .text.HAL_ADC_GetValue
                0x08009420        0x8 ./objects/stm32l0xx_hal_adc.o
                0x08009420                HAL_ADC_GetValue
 .text.HAL_ADC_ConfigChannel
                0x08009428       0xd4 ./objects/stm32l0xx_hal_adc.o
                0x08009428                HAL_ADC_ConfigChannel
 .text.HAL_RCC_OscConfig
                0x080094fc      0x644 ./objects/stm32l0xx_hal_rcc.o
                0x080094fc                HAL_RCC_OscConfig
 .text.HAL_RCC_ClockConfig
                0x08009b40      0x234 ./objects/stm32l0xx_hal_rcc.o
                0x08009b40                HAL_RCC_ClockConfig
 .text.HAL_RCC_GetSysClockFreq
                0x08009d74       0xa8 ./objects/stm32l0xx_hal_rcc.o
                0x08009d74                HAL_RCC_GetSysClockFreq
 .text.HAL_RCC_GetPCLK1Freq
                0x08009e1c       0x20 ./objects/stm32l0xx_hal_rcc.o
                0x08009e1c                HAL_RCC_GetPCLK1Freq
 .text.HAL_RCC_GetPCLK2Freq
                0x08009e3c       0x20 ./objects/stm32l0xx_hal_rcc.o
                0x08009e3c                HAL_RCC_GetPCLK2Freq
 .text.HAL_RCCEx_PeriphCLKConfig
                0x08009e5c      0x1ec ./objects/stm32l0xx_hal_rcc_ex.o
                0x08009e5c                HAL_RCCEx_PeriphCLKConfig
 .text.HAL_RCCEx_GetPeriphCLKFreq
                0x0800a048      0x220 ./objects/stm32l0xx_hal_rcc_ex.o
                0x0800a048                HAL_RCCEx_GetPeriphCLKFreq
 .text.HAL_Init
                0x0800a268       0x20 ./objects/stm32l0xx_hal.o
                0x0800a268                HAL_Init
 .text.HAL_IncTick
                0x0800a288       0x10 ./objects/stm32l0xx_hal.o
                0x0800a288                HAL_IncTick
 .text.HAL_GetTick
                0x0800a298        0xc ./objects/stm32l0xx_hal.o
                0x0800a298                HAL_GetTick
 .text.HAL_DBGMCU_DisableDBGSleepMode
                0x0800a2a4       0x10 ./objects/stm32l0xx_hal.o
                0x0800a2a4                HAL_DBGMCU_DisableDBGSleepMode
 .text.HAL_DBGMCU_DisableDBGStopMode
                0x0800a2b4       0x10 ./objects/stm32l0xx_hal.o
                0x0800a2b4                HAL_DBGMCU_DisableDBGStopMode
 .text.HAL_DBGMCU_DisableDBGStandbyMode
                0x0800a2c4       0x10 ./objects/stm32l0xx_hal.o
                0x0800a2c4                HAL_DBGMCU_DisableDBGStandbyMode
 .text.HAL_NVIC_SetPriority
                0x0800a2d4       0x58 ./objects/stm32l0xx_hal_cortex.o
                0x0800a2d4                HAL_NVIC_SetPriority
 .text.HAL_NVIC_EnableIRQ
                0x0800a32c       0x18 ./objects/stm32l0xx_hal_cortex.o
                0x0800a32c                HAL_NVIC_EnableIRQ
 .text.HAL_GPIO_Init
                0x0800a344      0x1ec ./objects/stm32l0xx_hal_gpio.o
                0x0800a344                HAL_GPIO_Init
 .text.HAL_GPIO_WritePin
                0x0800a530        0xc ./objects/stm32l0xx_hal_gpio.o
                0x0800a530                HAL_GPIO_WritePin
 .text.HAL_GPIO_EXTI_IRQHandler
                0x0800a53c       0x18 ./objects/stm32l0xx_hal_gpio.o
                0x0800a53c                HAL_GPIO_EXTI_IRQHandler
 .text.HAL_DMA_Init
                0x0800a554      0x148 ./objects/stm32l0xx_hal_dma.o
                0x0800a554                HAL_DMA_Init
 .text.HAL_DMA_Start_IT
                0x0800a69c       0x58 ./objects/stm32l0xx_hal_dma.o
                0x0800a69c                HAL_DMA_Start_IT
 .text.HAL_DMA_Abort_IT
                0x0800a6f4       0xb4 ./objects/stm32l0xx_hal_dma.o
                0x0800a6f4                HAL_DMA_Abort_IT
 .text.HAL_DMA_IRQHandler
                0x0800a7a8      0x294 ./objects/stm32l0xx_hal_dma.o
                0x0800a7a8                HAL_DMA_IRQHandler
 .text.HAL_PWR_DisablePVD
                0x0800aa3c       0x10 ./objects/stm32l0xx_hal_pwr.o
                0x0800aa3c                HAL_PWR_DisablePVD
 .text.HAL_PWR_EnterSLEEPMode
                0x0800aa4c       0x30 ./objects/stm32l0xx_hal_pwr.o
                0x0800aa4c                HAL_PWR_EnterSLEEPMode
 .text.HAL_PWR_EnterSTOPMode
                0x0800aa7c       0x3c ./objects/stm32l0xx_hal_pwr.o
                0x0800aa7c                HAL_PWR_EnterSTOPMode
 .text.HAL_PWREx_EnableFastWakeUp
                0x0800aab8       0x14 ./objects/stm32l0xx_hal_pwr_ex.o
                0x0800aab8                HAL_PWREx_EnableFastWakeUp
 .text.HAL_PWREx_EnableUltraLowPower
                0x0800aacc       0x14 ./objects/stm32l0xx_hal_pwr_ex.o
                0x0800aacc                HAL_PWREx_EnableUltraLowPower
 .text.HAL_RTC_Init
                0x0800aae0       0xbc ./objects/stm32l0xx_hal_rtc.o
                0x0800aae0                HAL_RTC_Init
 .text.HAL_RTC_SetTime
                0x0800ab9c      0x1a4 ./objects/stm32l0xx_hal_rtc.o
                0x0800ab9c                HAL_RTC_SetTime
 .text.HAL_RTC_GetTime
                0x0800ad40       0x68 ./objects/stm32l0xx_hal_rtc.o
                0x0800ad40                HAL_RTC_GetTime
 .text.HAL_RTC_SetDate
                0x0800ada8      0x160 ./objects/stm32l0xx_hal_rtc.o
                0x0800ada8                HAL_RTC_SetDate
 .text.HAL_RTC_GetDate
                0x0800af08       0x5c ./objects/stm32l0xx_hal_rtc.o
                0x0800af08                HAL_RTC_GetDate
 .text.HAL_RTC_SetAlarm_IT
                0x0800af64      0x218 ./objects/stm32l0xx_hal_rtc.o
                0x0800af64                HAL_RTC_SetAlarm_IT
 .text.HAL_RTC_DeactivateAlarm
                0x0800b17c       0xd0 ./objects/stm32l0xx_hal_rtc.o
                0x0800b17c                HAL_RTC_DeactivateAlarm
 .text.HAL_RTCEx_BKUPWrite
                0x0800b24c        0xc ./objects/stm32l0xx_hal_rtc_ex.o
                0x0800b24c                HAL_RTCEx_BKUPWrite
 .text.HAL_RTCEx_BKUPRead
                0x0800b258        0xc ./objects/stm32l0xx_hal_rtc_ex.o
                0x0800b258                HAL_RTCEx_BKUPRead
 .text.HAL_RTCEx_EnableBypassShadow
                0x0800b264       0x34 ./objects/stm32l0xx_hal_rtc_ex.o
                0x0800b264                HAL_RTCEx_EnableBypassShadow
 .text.HAL_ADCEx_Calibration_Start
                0x0800b298       0xa8 ./objects/stm32l0xx_hal_adc_ex.o
                0x0800b298                HAL_ADCEx_Calibration_Start
 .text.HAL_UARTEx_WakeupCallback
                0x0800b340        0x4 ./objects/stm32l0xx_hal_uart_ex.o
                0x0800b340                HAL_UARTEx_WakeupCallback
 .text.Reset_Handler
                0x0800b344       0x50 ./objects/startup_stm32l072xx.o
                0x0800b344                Reset_Handler
 .text.Default_Handler
                0x0800b394        0x2 ./objects/startup_stm32l072xx.o
                0x0800b394                TSC_IRQHandler
                0x0800b394                ADC1_COMP_IRQHandler
                0x0800b394                PVD_IRQHandler
                0x0800b394                I2C1_IRQHandler
                0x0800b394                RCC_CRS_IRQHandler
                0x0800b394                SPI1_IRQHandler
                0x0800b394                TIM6_DAC_IRQHandler
                0x0800b394                I2C2_IRQHandler
                0x0800b394                TIM3_IRQHandler
                0x0800b394                DMA1_Channel1_IRQHandler
                0x0800b394                USART4_5_IRQHandler
                0x0800b394                Default_Handler
                0x0800b394                TIM22_IRQHandler
                0x0800b394                TIM7_IRQHandler
                0x0800b394                USB_IRQHandler
                0x0800b394                I2C3_IRQHandler
                0x0800b394                SPI2_IRQHandler
                0x0800b394                TIM21_IRQHandler
                0x0800b394                WWDG_IRQHandler
                0x0800b394                TIM2_IRQHandler
                0x0800b394                DMA1_Channel2_3_IRQHandler
                0x0800b394                FLASH_IRQHandler
                0x0800b394                USART1_IRQHandler
                0x0800b394                RNG_LPUART1_IRQHandler
                0x0800b394                LPTIM1_IRQHandler
 *fill*         0x0800b396        0x2 
 .text.BSP_sensor_Read
                0x0800b398       0x1c ./objects/bsp.o
                0x0800b398                BSP_sensor_Read
 .text.BSP_sensor_Init
                0x0800b3b4        0x4 ./objects/bsp.o
                0x0800b3b4                BSP_sensor_Init
 .text.DBG_Init
                0x0800b3b8       0x64 ./objects/debug.o
                0x0800b3b8                DBG_Init
 .text.Error_Handler
                0x0800b41c       0x10 ./objects/debug.o
                0x0800b41c                Error_Handler
 .text.HW_GPIO_Init
                0x0800b42c       0xa0 ./objects/hw_gpio.o
                0x0800b42c                HW_GPIO_Init
 .text.HW_GPIO_SetIrq
                0x0800b4cc       0x70 ./objects/hw_gpio.o
                0x0800b4cc                HW_GPIO_SetIrq
 .text.HW_GPIO_IrqHandler
                0x0800b53c       0x54 ./objects/hw_gpio.o
                0x0800b53c                HW_GPIO_IrqHandler
 .text.HW_GPIO_Write
                0x0800b590        0xc ./objects/hw_gpio.o
                0x0800b590                HW_GPIO_Write
 .text.HW_RTC_Init
                0x0800b59c      0x144 ./objects/hw_rtc.o
                0x0800b59c                HW_RTC_Init
 .text.HW_RTC_GetMinimumTimeout
                0x0800b6e0        0x4 ./objects/hw_rtc.o
                0x0800b6e0                HW_RTC_GetMinimumTimeout
 .text.HW_RTC_ms2Tick
                0x0800b6e4       0x10 ./objects/hw_rtc.o
                0x0800b6e4                HW_RTC_ms2Tick
 .text.HW_RTC_Tick2ms
                0x0800b6f4       0x20 ./objects/hw_rtc.o
                0x0800b6f4                HW_RTC_Tick2ms
 .text.HW_RTC_SetAlarm
                0x0800b714      0x524 ./objects/hw_rtc.o
                0x0800b714                HW_RTC_SetAlarm
 .text.HW_RTC_GetTimerElapsedTime
                0x0800bc38       0xdc ./objects/hw_rtc.o
                0x0800bc38                HW_RTC_GetTimerElapsedTime
 .text.HW_RTC_GetTimerValue
                0x0800bd14       0xcc ./objects/hw_rtc.o
                0x0800bd14                HW_RTC_GetTimerValue
 .text.HW_RTC_StopAlarm
                0x0800bde0       0x34 ./objects/hw_rtc.o
                0x0800bde0                HW_RTC_StopAlarm
 .text.HW_RTC_IrqHandler
                0x0800be14       0x44 ./objects/hw_rtc.o
                0x0800be14                HW_RTC_IrqHandler
 .text.HW_RTC_DelayMs
                0x0800be58      0x1d0 ./objects/hw_rtc.o
                0x0800be58                HW_RTC_DelayMs
 .text.HW_RTC_SetTimerContext
                0x0800c028       0xe0 ./objects/hw_rtc.o
                0x0800c028                HW_RTC_SetTimerContext
 .text.HW_RTC_GetTimerContext
                0x0800c108        0xc ./objects/hw_rtc.o
                0x0800c108                HW_RTC_GetTimerContext
 .text.HW_RTC_GetCalendarTime
                0x0800c114       0xec ./objects/hw_rtc.o
                0x0800c114                HW_RTC_GetCalendarTime
 .text.HW_RTC_BKUPWrite
                0x0800c200       0x24 ./objects/hw_rtc.o
                0x0800c200                HW_RTC_BKUPWrite
 .text.HW_RTC_BKUPRead
                0x0800c224       0x24 ./objects/hw_rtc.o
                0x0800c224                HW_RTC_BKUPRead
 .text.HW_SPI_Init
                0x0800c248      0x124 ./objects/hw_spi.o
                0x0800c248                HW_SPI_Init
 .text.HW_SPI_IoInit
                0x0800c36c       0x60 ./objects/hw_spi.o
                0x0800c36c                HW_SPI_IoInit
 .text.HW_SPI_InOut
                0x0800c3cc       0x28 ./objects/hw_spi.o
                0x0800c3cc                HW_SPI_InOut
 .text.LoraMacProcessNotify
                0x0800c3f4        0xc ./objects/main.o
 .text.LORA_TxNeeded
                0x0800c400       0x18 ./objects/main.o
 .text.LORA_ConfirmClass
                0x0800c418       0x28 ./objects/main.o
 .text.LORA_HasJoined
                0x0800c440       0x14 ./objects/main.o
 .text.OnTimerLedEvent
                0x0800c454        0xc ./objects/main.o
 .text.LORA_RxData
                0x0800c460       0x9c ./objects/main.o
 .text.OnTxTimerEvent
                0x0800c4fc       0x14 ./objects/main.o
 .text.Send.part.0
                0x0800c510       0xe0 ./objects/main.o
 .text.startup.main
                0x0800c5f0       0xb0 ./objects/main.o
                0x0800c5f0                main
 .text.vcom_Init
                0x0800c6a0       0x38 ./objects/vcom.o
                0x0800c6a0                vcom_Init
 .text.vcom_Trace
                0x0800c6d8       0x14 ./objects/vcom.o
                0x0800c6d8                vcom_Trace
 .text.HAL_UART_TxCpltCallback
                0x0800c6ec       0x10 ./objects/vcom.o
                0x0800c6ec                HAL_UART_TxCpltCallback
 .text.vcom_DMA_TX_IRQHandler
                0x0800c6fc       0x10 ./objects/vcom.o
                0x0800c6fc                vcom_DMA_TX_IRQHandler
 .text.vcom_IRQHandler
                0x0800c70c       0x10 ./objects/vcom.o
                0x0800c70c                vcom_IRQHandler
 .text.HAL_UART_MspInit
                0x0800c71c       0xec ./objects/vcom.o
                0x0800c71c                HAL_UART_MspInit
 .text.vcom_IoInit
                0x0800c808       0x58 ./objects/vcom.o
                0x0800c808                vcom_IoInit
 .text.vcom_IoDeInit
                0x0800c860       0x48 ./objects/vcom.o
                0x0800c860                vcom_IoDeInit
 .text.HAL_InitTick
                0x0800c8a8        0x4 ./objects/mlm32l0xx_hal_msp.o
                0x0800c8a8                HAL_InitTick
 .text.HAL_Delay
                0x0800c8ac       0x10 ./objects/mlm32l0xx_hal_msp.o
                0x0800c8ac                HAL_Delay
 .text.HAL_MspInit
                0x0800c8bc       0x34 ./objects/mlm32l0xx_hal_msp.o
                0x0800c8bc                HAL_MspInit
 .text.HAL_RTC_MspInit
                0x0800c8f0       0x60 ./objects/mlm32l0xx_hal_msp.o
                0x0800c8f0                HAL_RTC_MspInit
 .text.HAL_RTC_AlarmAEventCallback
                0x0800c950        0x8 ./objects/mlm32l0xx_hal_msp.o
                0x0800c950                HAL_RTC_AlarmAEventCallback
 .text.HAL_GPIO_EXTI_Callback
                0x0800c958        0x8 ./objects/mlm32l0xx_hal_msp.o
                0x0800c958                HAL_GPIO_EXTI_Callback
 .text.MSP_GetIRQn
                0x0800c960       0x1c ./objects/mlm32l0xx_hal_msp.o
                0x0800c960                MSP_GetIRQn
 .text.HW_Init  0x0800c97c       0x9c ./objects/mlm32l0xx_hw.o
                0x0800c97c                HW_Init
 .text.HW_GpioInit
                0x0800ca18       0xc0 ./objects/mlm32l0xx_hw.o
                0x0800ca18                HW_GpioInit
 .text.SystemClock_Config
                0x0800cad8       0x94 ./objects/mlm32l0xx_hw.o
                0x0800cad8                SystemClock_Config
 .text.HW_GetRandomSeed
                0x0800cb6c       0x20 ./objects/mlm32l0xx_hw.o
                0x0800cb6c                HW_GetRandomSeed
 .text.HW_GetUniqueId
                0x0800cb8c       0x5c ./objects/mlm32l0xx_hw.o
                0x0800cb8c                HW_GetUniqueId
 .text.HW_GetTemperatureLevel
                0x0800cbe8      0x174 ./objects/mlm32l0xx_hw.o
                0x0800cbe8                HW_GetTemperatureLevel
 .text.HW_GetBatteryLevel
                0x0800cd5c       0xec ./objects/mlm32l0xx_hw.o
                0x0800cd5c                HW_GetBatteryLevel
 .text.LPM_EnterStopMode
                0x0800ce48       0x78 ./objects/mlm32l0xx_hw.o
                0x0800ce48                LPM_EnterStopMode
 .text.LPM_ExitStopMode
                0x0800cec0       0x68 ./objects/mlm32l0xx_hw.o
                0x0800cec0                LPM_ExitStopMode
 .text.LPM_EnterSleepMode
                0x0800cf28        0xc ./objects/mlm32l0xx_hw.o
                0x0800cf28                LPM_EnterSleepMode
 .text.NMI_Handler
                0x0800cf34        0x4 ./objects/mlm32l0xx_it.o
                0x0800cf34                NMI_Handler
 .text.HardFault_Handler
                0x0800cf38        0x4 ./objects/mlm32l0xx_it.o
                0x0800cf38                HardFault_Handler
 .text.SVC_Handler
                0x0800cf3c        0x4 ./objects/mlm32l0xx_it.o
                0x0800cf3c                SVC_Handler
 .text.PendSV_Handler
                0x0800cf40        0x4 ./objects/mlm32l0xx_it.o
                0x0800cf40                PendSV_Handler
 .text.SysTick_Handler
                0x0800cf44        0x8 ./objects/mlm32l0xx_it.o
                0x0800cf44                SysTick_Handler
 .text.USART2_IRQHandler
                0x0800cf4c        0x8 ./objects/mlm32l0xx_it.o
                0x0800cf4c                USART2_IRQHandler
 .text.DMA1_Channel4_5_6_7_IRQHandler
                0x0800cf54        0x8 ./objects/mlm32l0xx_it.o
                0x0800cf54                DMA1_Channel4_5_6_7_IRQHandler
 .text.RTC_IRQHandler
                0x0800cf5c        0x8 ./objects/mlm32l0xx_it.o
                0x0800cf5c                RTC_IRQHandler
 .text.EXTI0_1_IRQHandler
                0x0800cf64       0x10 ./objects/mlm32l0xx_it.o
                0x0800cf64                EXTI0_1_IRQHandler
 .text.EXTI2_3_IRQHandler
                0x0800cf74       0x10 ./objects/mlm32l0xx_it.o
                0x0800cf74                EXTI2_3_IRQHandler
 .text.EXTI4_15_IRQHandler
                0x0800cf84       0x5c ./objects/mlm32l0xx_it.o
                0x0800cf84                EXTI4_15_IRQHandler
 .text.MlmeIndication
                0x0800cfe0       0x18 ./objects/lora.o
 .text.McpsIndication
                0x0800cff8       0x64 ./objects/lora.o
 .text.McpsConfirm
                0x0800d05c       0x20 ./objects/lora.o
 .text.MlmeConfirm
                0x0800d07c       0x68 ./objects/lora.o
 .text.LORA_Init
                0x0800d0e4      0x184 ./objects/lora.o
                0x0800d0e4                LORA_Init
 .text.LORA_Join
                0x0800d268       0x38 ./objects/lora.o
                0x0800d268                LORA_Join
 .text.LORA_JoinStatus
                0x0800d2a0       0x20 ./objects/lora.o
                0x0800d2a0                LORA_JoinStatus
 .text.LORA_send
                0x0800d2c0       0x78 ./objects/lora.o
                0x0800d2c0                LORA_send
 .text.LORA_RequestClass
                0x0800d338       0x84 ./objects/lora.o
                0x0800d338                LORA_RequestClass
 .text.OnCertifTxNextPacketTimerEvent
                0x0800d3bc       0xb8 ./objects/lora-test.o
 .text.certif_running
                0x0800d474        0xc ./objects/lora-test.o
                0x0800d474                certif_running
 .text.certif_DownLinkIncrement
                0x0800d480       0x10 ./objects/lora-test.o
                0x0800d480                certif_DownLinkIncrement
 .text.certif_linkCheck
                0x0800d490       0x1c ./objects/lora-test.o
                0x0800d490                certif_linkCheck
 .text.certif_rx
                0x0800d4ac      0x568 ./objects/lora-test.o
                0x0800d4ac                certif_rx
 .text.OnRadioRxError
                0x0800da14       0x2c ./objects/loramac.o
 .text.EventCryptoNvmCtxChanged
                0x0800da40       0x20 ./objects/loramac.o
 .text.EventSecureElementNvmCtxChanged
                0x0800da60       0x20 ./objects/loramac.o
 .text.EventCommandsNvmCtxChanged
                0x0800da80       0x20 ./objects/loramac.o
 .text.EventClassBNvmCtxChanged
                0x0800daa0       0x20 ./objects/loramac.o
 .text.EventConfirmQueueNvmCtxChanged
                0x0800dac0       0x20 ./objects/loramac.o
 .text.EventFCntHandlerNvmCtxChanged
                0x0800dae0       0x20 ./objects/loramac.o
 .text.OnAckTimeoutTimerEvent
                0x0800db00       0x58 ./objects/loramac.o
 .text.OnRadioRxTimeout
                0x0800db58       0x50 ./objects/loramac.o
 .text.OnRadioTxTimeout
                0x0800dba8       0x50 ./objects/loramac.o
 .text.OnRadioRxDone
                0x0800dbf8       0x6c ./objects/loramac.o
 .text.OnRadioTxDone
                0x0800dc64       0x70 ./objects/loramac.o
 .text.OnRxWindow1TimerEvent
                0x0800dcd4       0xc4 ./objects/loramac.o
 .text.unlikely.ProcessMacCommands.isra.2.constprop.6
                0x0800dd98      0x534 ./objects/loramac.o
 .text.OnRxWindow2TimerEvent
                0x0800e2cc       0xb4 ./objects/loramac.o
 .text.PrepareRxDoneAbort
                0x0800e380       0x7c ./objects/loramac.o
 .text.HandleRadioRxErrorTimeout
                0x0800e3fc      0x1f4 ./objects/loramac.o
 .text.SendFrameOnChannel
                0x0800e5f0      0x110 ./objects/loramac.o
                0x0800e5f0                SendFrameOnChannel
 .text.Send     0x0800e700      0x550 ./objects/loramac.o
                0x0800e700                Send
 .text.OnTxDelayedTimerEvent
                0x0800ec50      0x334 ./objects/loramac.o
 .text.LoRaMacProcess
                0x0800ef84     0x10b4 ./objects/loramac.o
                0x0800ef84                LoRaMacProcess
 .text.SendReJoinReq
                0x08010038      0x2b4 ./objects/loramac.o
                0x08010038                SendReJoinReq
 .text.RestoreCtxs
                0x080102ec       0xa4 ./objects/loramac.o
                0x080102ec                RestoreCtxs
 .text.LoRaMacInitialization
                0x08010390      0x498 ./objects/loramac.o
                0x08010390                LoRaMacInitialization
 .text.LoRaMacStart
                0x08010828       0x14 ./objects/loramac.o
                0x08010828                LoRaMacStart
 .text.LoRaMacQueryTxPossible
                0x0801083c       0xe4 ./objects/loramac.o
                0x0801083c                LoRaMacQueryTxPossible
 .text.LoRaMacMibGetRequestConfirm
                0x08010920      0x264 ./objects/loramac.o
                0x08010920                LoRaMacMibGetRequestConfirm
 .text.LoRaMacMibSetRequestConfirm
                0x08010b84      0x5b0 ./objects/loramac.o
                0x08010b84                LoRaMacMibSetRequestConfirm
 .text.LoRaMacMlmeRequest
                0x08011134      0x2cc ./objects/loramac.o
                0x08011134                LoRaMacMlmeRequest
 .text.LoRaMacMcpsRequest
                0x08011400      0x190 ./objects/loramac.o
                0x08011400                LoRaMacMcpsRequest
 .text.LoRaMacTestSetDutyCycleOn
                0x08011590       0x30 ./objects/loramac.o
                0x08011590                LoRaMacTestSetDutyCycleOn
 .text.DummyCB  0x080115c0        0x4 ./objects/loramaccrypto.o
 .text.PayloadEncrypt
                0x080115c4      0x210 ./objects/loramaccrypto.o
 .text.ComputeCmacB1.constprop.5
                0x080117d4       0xb8 ./objects/loramaccrypto.o
 .text.VerifyCmacB0.constprop.6
                0x0801188c       0xb8 ./objects/loramaccrypto.o
 .text.ComputeCmacB0.part.4.constprop.7
                0x08011944       0x98 ./objects/loramaccrypto.o
 .text.LoRaMacCryptoInit
                0x080119dc       0x58 ./objects/loramaccrypto.o
                0x080119dc                LoRaMacCryptoInit
 .text.LoRaMacCryptoSetLrWanVersion
                0x08011a34        0xc ./objects/loramaccrypto.o
                0x08011a34                LoRaMacCryptoSetLrWanVersion
 .text.LoRaMacCryptoRestoreNvmCtx
                0x08011a40       0x20 ./objects/loramaccrypto.o
                0x08011a40                LoRaMacCryptoRestoreNvmCtx
 .text.LoRaMacCryptoGetNvmCtx
                0x08011a60       0x10 ./objects/loramaccrypto.o
                0x08011a60                LoRaMacCryptoGetNvmCtx
 .text.LoRaMacCryptoSetKey
                0x08011a70       0x14 ./objects/loramaccrypto.o
                0x08011a70                LoRaMacCryptoSetKey
 .text.LoRaMacCryptoPrepareJoinRequest
                0x08011a84       0xb8 ./objects/loramaccrypto.o
                0x08011a84                LoRaMacCryptoPrepareJoinRequest
 .text.LoRaMacCryptoHandleJoinAccept
                0x08011b3c      0x3a8 ./objects/loramaccrypto.o
                0x08011b3c                LoRaMacCryptoHandleJoinAccept
 .text.LoRaMacCryptoSecureMessage
                0x08011ee4      0x33c ./objects/loramaccrypto.o
                0x08011ee4                LoRaMacCryptoSecureMessage
 .text.LoRaMacCryptoUnsecureMessage
                0x08012220      0x304 ./objects/loramaccrypto.o
                0x08012220                LoRaMacCryptoUnsecureMessage
 .text.LoRaMacClassBInit
                0x08012524        0x4 ./objects/loramacclassb.o
                0x08012524                LoRaMacClassBInit
 .text.LoRaMacClassBRestoreNvmCtx
                0x08012528        0x4 ./objects/loramacclassb.o
                0x08012528                LoRaMacClassBRestoreNvmCtx
 .text.LoRaMacClassBGetNvmCtx
                0x0801252c        0x8 ./objects/loramacclassb.o
                0x0801252c                LoRaMacClassBGetNvmCtx
 .text.LoRaMacClassBSetBeaconState
                0x08012534        0x4 ./objects/loramacclassb.o
                0x08012534                LoRaMacClassBSetBeaconState
 .text.LoRaMacClassBSetPingSlotState
                0x08012538        0x4 ./objects/loramacclassb.o
                0x08012538                LoRaMacClassBSetPingSlotState
 .text.LoRaMacClassBSetMulticastSlotState
                0x0801253c        0x4 ./objects/loramacclassb.o
                0x0801253c                LoRaMacClassBSetMulticastSlotState
 .text.LoRaMacClassBIsAcquisitionInProgress
                0x08012540        0x4 ./objects/loramacclassb.o
                0x08012540                LoRaMacClassBIsAcquisitionInProgress
 .text.LoRaMacClassBBeaconTimerEvent
                0x08012544        0x4 ./objects/loramacclassb.o
                0x08012544                LoRaMacClassBBeaconTimerEvent
 .text.LoRaMacClassBPingSlotTimerEvent
                0x08012548        0x4 ./objects/loramacclassb.o
                0x08012548                LoRaMacClassBPingSlotTimerEvent
 .text.LoRaMacClassBMulticastSlotTimerEvent
                0x0801254c        0x4 ./objects/loramacclassb.o
                0x0801254c                LoRaMacClassBMulticastSlotTimerEvent
 .text.LoRaMacClassBRxBeacon
                0x08012550        0x4 ./objects/loramacclassb.o
                0x08012550                LoRaMacClassBRxBeacon
 .text.LoRaMacClassBIsBeaconExpected
                0x08012554        0x4 ./objects/loramacclassb.o
                0x08012554                LoRaMacClassBIsBeaconExpected
 .text.LoRaMacClassBIsPingExpected
                0x08012558        0x4 ./objects/loramacclassb.o
                0x08012558                LoRaMacClassBIsPingExpected
 .text.LoRaMacClassBIsMulticastExpected
                0x0801255c        0x4 ./objects/loramacclassb.o
                0x0801255c                LoRaMacClassBIsMulticastExpected
 .text.LoRaMacClassBIsBeaconModeActive
                0x08012560        0x4 ./objects/loramacclassb.o
                0x08012560                LoRaMacClassBIsBeaconModeActive
 .text.LoRaMacClassBSetPingSlotInfo
                0x08012564        0x4 ./objects/loramacclassb.o
                0x08012564                LoRaMacClassBSetPingSlotInfo
 .text.LoRaMacClassBHaltBeaconing
                0x08012568        0x4 ./objects/loramacclassb.o
                0x08012568                LoRaMacClassBHaltBeaconing
 .text.LoRaMacClassBResumeBeaconing
                0x0801256c        0x4 ./objects/loramacclassb.o
                0x0801256c                LoRaMacClassBResumeBeaconing
 .text.LoRaMacClassBSwitchClass
                0x08012570        0x4 ./objects/loramacclassb.o
                0x08012570                LoRaMacClassBSwitchClass
 .text.LoRaMacClassBMibGetRequestConfirm
                0x08012574        0x4 ./objects/loramacclassb.o
                0x08012574                LoRaMacClassBMibGetRequestConfirm
 .text.LoRaMacMibClassBSetRequestConfirm
                0x08012578        0x4 ./objects/loramacclassb.o
                0x08012578                LoRaMacMibClassBSetRequestConfirm
 .text.LoRaMacClassBPingSlotInfoAns
                0x0801257c        0x4 ./objects/loramacclassb.o
                0x0801257c                LoRaMacClassBPingSlotInfoAns
 .text.LoRaMacClassBPingSlotChannelReq
                0x08012580        0x4 ./objects/loramacclassb.o
                0x08012580                LoRaMacClassBPingSlotChannelReq
 .text.LoRaMacClassBBeaconTimingAns
                0x08012584        0x4 ./objects/loramacclassb.o
                0x08012584                LoRaMacClassBBeaconTimingAns
 .text.LoRaMacClassBDeviceTimeAns
                0x08012588        0x4 ./objects/loramacclassb.o
                0x08012588                LoRaMacClassBDeviceTimeAns
 .text.LoRaMacClassBBeaconFreqReq
                0x0801258c        0x4 ./objects/loramacclassb.o
                0x0801258c                LoRaMacClassBBeaconFreqReq
 .text.LoRaMacClassBIsUplinkCollision
                0x08012590        0x4 ./objects/loramacclassb.o
                0x08012590                LoRaMacClassBIsUplinkCollision
 .text.LoRaMacClassBStopRxSlots
                0x08012594        0x4 ./objects/loramacclassb.o
                0x08012594                LoRaMacClassBStopRxSlots
 .text.LoRaMacClassBProcess
                0x08012598        0x4 ./objects/loramacclassb.o
                0x08012598                LoRaMacClassBProcess
 .text.LoRaMacCommandsInit
                0x0801259c       0x28 ./objects/loramaccommands.o
                0x0801259c                LoRaMacCommandsInit
 .text.LoRaMacCommandsRestoreNvmCtx
                0x080125c4       0x1c ./objects/loramaccommands.o
                0x080125c4                LoRaMacCommandsRestoreNvmCtx
 .text.LoRaMacCommandsGetNvmCtx
                0x080125e0        0xc ./objects/loramaccommands.o
                0x080125e0                LoRaMacCommandsGetNvmCtx
 .text.LoRaMacCommandsAddCmd
                0x080125ec      0x104 ./objects/loramaccommands.o
                0x080125ec                LoRaMacCommandsAddCmd
 .text.LoRaMacCommandsRemoveNoneStickyCmds
                0x080126f0       0x9c ./objects/loramaccommands.o
                0x080126f0                LoRaMacCommandsRemoveNoneStickyCmds
 .text.LoRaMacCommandsRemoveStickyAnsCmds
                0x0801278c       0xb4 ./objects/loramaccommands.o
                0x0801278c                LoRaMacCommandsRemoveStickyAnsCmds
 .text.LoRaMacCommandsGetSizeSerializedCmds
                0x08012840       0x18 ./objects/loramaccommands.o
                0x08012840                LoRaMacCommandsGetSizeSerializedCmds
 .text.LoRaMacCommandsSerializeCmds
                0x08012858       0x5c ./objects/loramaccommands.o
                0x08012858                LoRaMacCommandsSerializeCmds
 .text.LoRaMacCommandsStickyCmdsPending
                0x080128b4       0x34 ./objects/loramaccommands.o
                0x080128b4                LoRaMacCommandsStickyCmdsPending
 .text.LoRaMacConfirmQueueInit
                0x080128e8       0x30 ./objects/loramacconfirmqueue.o
                0x080128e8                LoRaMacConfirmQueueInit
 .text.LoRaMacConfirmQueueRestoreNvmCtx
                0x08012918       0x20 ./objects/loramacconfirmqueue.o
                0x08012918                LoRaMacConfirmQueueRestoreNvmCtx
 .text.LoRaMacConfirmQueueGetNvmCtx
                0x08012938       0x10 ./objects/loramacconfirmqueue.o
                0x08012938                LoRaMacConfirmQueueGetNvmCtx
 .text.LoRaMacConfirmQueueAdd
                0x08012948       0x40 ./objects/loramacconfirmqueue.o
                0x08012948                LoRaMacConfirmQueueAdd
 .text.LoRaMacConfirmQueueSetStatus
                0x08012988       0x44 ./objects/loramacconfirmqueue.o
                0x08012988                LoRaMacConfirmQueueSetStatus
 .text.LoRaMacConfirmQueueGetStatus
                0x080129cc       0x48 ./objects/loramacconfirmqueue.o
                0x080129cc                LoRaMacConfirmQueueGetStatus
 .text.LoRaMacConfirmQueueSetStatusCmn
                0x08012a14       0x3c ./objects/loramacconfirmqueue.o
                0x08012a14                LoRaMacConfirmQueueSetStatusCmn
 .text.LoRaMacConfirmQueueGetStatusCmn
                0x08012a50        0xc ./objects/loramacconfirmqueue.o
                0x08012a50                LoRaMacConfirmQueueGetStatusCmn
 .text.LoRaMacConfirmQueueIsCmdActive
                0x08012a5c       0x3c ./objects/loramacconfirmqueue.o
                0x08012a5c                LoRaMacConfirmQueueIsCmdActive
 .text.LoRaMacConfirmQueueHandleCb
                0x08012a98       0xcc ./objects/loramacconfirmqueue.o
                0x08012a98                LoRaMacConfirmQueueHandleCb
 .text.LoRaMacConfirmQueueGetCnt
                0x08012b64        0xc ./objects/loramacconfirmqueue.o
                0x08012b64                LoRaMacConfirmQueueGetCnt
 .text.LoRaMacConfirmQueueIsFull
                0x08012b70       0x14 ./objects/loramacconfirmqueue.o
                0x08012b70                LoRaMacConfirmQueueIsFull
 .text.LoRaMacFCntHandlerInit
                0x08012b84       0x2c ./objects/loramacfcnthandler.o
                0x08012b84                LoRaMacFCntHandlerInit
 .text.LoRaMacFCntHandlerRestoreNvmCtx
                0x08012bb0       0x1c ./objects/loramacfcnthandler.o
                0x08012bb0                LoRaMacFCntHandlerRestoreNvmCtx
 .text.LoRaMacFCntHandlerGetNvmCtx
                0x08012bcc        0xc ./objects/loramacfcnthandler.o
                0x08012bcc                LoRaMacFCntHandlerGetNvmCtx
 .text.LoRaMacGetFCntDown
                0x08012bd8       0xe4 ./objects/loramacfcnthandler.o
                0x08012bd8                LoRaMacGetFCntDown
 .text.LoRaMacSetFCntDown
                0x08012cbc       0x58 ./objects/loramacfcnthandler.o
                0x08012cbc                LoRaMacSetFCntDown
 .text.LoRaMacGetFCntUp
                0x08012d14       0x18 ./objects/loramacfcnthandler.o
                0x08012d14                LoRaMacGetFCntUp
 .text.LoRaMacSetFCntUp
                0x08012d2c       0x18 ./objects/loramacfcnthandler.o
                0x08012d2c                LoRaMacSetFCntUp
 .text.LoRaMacResetFCnts
                0x08012d44       0x28 ./objects/loramacfcnthandler.o
                0x08012d44                LoRaMacResetFCnts
 .text.LoRaMacFCntHandlerSetMulticastReference
                0x08012d6c       0x28 ./objects/loramacfcnthandler.o
                0x08012d6c                LoRaMacFCntHandlerSetMulticastReference
 .text.LoRaMacParserJoinAccept
                0x08012d94       0xa0 ./objects/loramacparser.o
                0x08012d94                LoRaMacParserJoinAccept
 .text.LoRaMacParserData
                0x08012e34       0xb8 ./objects/loramacparser.o
                0x08012e34                LoRaMacParserData
 .text.LoRaMacSerializerJoinRequest
                0x08012eec       0x68 ./objects/loramacserializer.o
                0x08012eec                LoRaMacSerializerJoinRequest
 .text.LoRaMacSerializerData
                0x08012f54       0xdc ./objects/loramacserializer.o
                0x08012f54                LoRaMacSerializerData
 .text.LoRaMacAdrCalcNext
                0x08013030       0xf0 ./objects/loramacadr.o
                0x08013030                LoRaMacAdrCalcNext
 .text.RegionIsActive
                0x08013120        0x8 ./objects/region.o
                0x08013120                RegionIsActive
 .text.RegionGetPhyParam
                0x08013128       0x1c ./objects/region.o
                0x08013128                RegionGetPhyParam
 .text.RegionSetBandTxDone
                0x08013144       0x10 ./objects/region.o
                0x08013144                RegionSetBandTxDone
 .text.RegionInitDefaults
                0x08013154       0x10 ./objects/region.o
                0x08013154                RegionInitDefaults
 .text.RegionGetNvmCtx
                0x08013164       0x14 ./objects/region.o
                0x08013164                RegionGetNvmCtx
 .text.RegionVerify
                0x08013178       0x18 ./objects/region.o
                0x08013178                RegionVerify
 .text.RegionApplyCFList
                0x08013190       0x10 ./objects/region.o
                0x08013190                RegionApplyCFList
 .text.RegionChanMaskSet
                0x080131a0       0x14 ./objects/region.o
                0x080131a0                RegionChanMaskSet
 .text.RegionComputeRxWindowParameters
                0x080131b4       0x18 ./objects/region.o
                0x080131b4                RegionComputeRxWindowParameters
 .text.RegionRxConfig
                0x080131cc       0x18 ./objects/region.o
                0x080131cc                RegionRxConfig
 .text.RegionTxConfig
                0x080131e4       0x18 ./objects/region.o
                0x080131e4                RegionTxConfig
 .text.RegionLinkAdrReq
                0x080131fc       0x24 ./objects/region.o
                0x080131fc                RegionLinkAdrReq
 .text.RegionRxParamSetupReq
                0x08013220       0x14 ./objects/region.o
                0x08013220                RegionRxParamSetupReq
 .text.RegionNewChannelReq
                0x08013234       0x14 ./objects/region.o
                0x08013234                RegionNewChannelReq
 .text.RegionTxParamSetupReq
                0x08013248       0x14 ./objects/region.o
                0x08013248                RegionTxParamSetupReq
 .text.RegionDlChannelReq
                0x0801325c       0x14 ./objects/region.o
                0x0801325c                RegionDlChannelReq
 .text.RegionAlternateDr
                0x08013270       0x18 ./objects/region.o
                0x08013270                RegionAlternateDr
 .text.RegionCalcBackOff
                0x08013288       0x10 ./objects/region.o
                0x08013288                RegionCalcBackOff
 .text.RegionNextChannel
                0x08013298       0x1c ./objects/region.o
                0x08013298                RegionNextChannel
 .text.RegionSetContinuousWave
                0x080132b4       0x10 ./objects/region.o
                0x080132b4                RegionSetContinuousWave
 .text.RegionApplyDrOffset
                0x080132c4       0x18 ./objects/region.o
                0x080132c4                RegionApplyDrOffset
 .text.RegionCommonValueInRange
                0x080132dc       0x14 ./objects/regioncommon.o
                0x080132dc                RegionCommonValueInRange
 .text.RegionCommonChanDisable
                0x080132f0       0x28 ./objects/regioncommon.o
                0x080132f0                RegionCommonChanDisable
 .text.RegionCommonCountChannels
                0x08013318       0xec ./objects/regioncommon.o
                0x08013318                RegionCommonCountChannels
 .text.RegionCommonChanMaskCopy
                0x08013404       0x74 ./objects/regioncommon.o
                0x08013404                RegionCommonChanMaskCopy
 .text.RegionCommonSetBandTxDone
                0x08013478        0xc ./objects/regioncommon.o
                0x08013478                RegionCommonSetBandTxDone
 .text.RegionCommonUpdateBandTimeOff
                0x08013484       0xd8 ./objects/regioncommon.o
                0x08013484                RegionCommonUpdateBandTimeOff
 .text.RegionCommonParseLinkAdrReq
                0x0801355c       0x38 ./objects/regioncommon.o
                0x0801355c                RegionCommonParseLinkAdrReq
 .text.RegionCommonLinkAdrReqVerifyParams
                0x08013594      0x134 ./objects/regioncommon.o
                0x08013594                RegionCommonLinkAdrReqVerifyParams
 .text.RegionCommonComputeSymbolTimeLoRa
                0x080136c8       0x34 ./objects/regioncommon.o
                0x080136c8                RegionCommonComputeSymbolTimeLoRa
 .text.RegionCommonComputeSymbolTimeFsk
                0x080136fc       0x18 ./objects/regioncommon.o
                0x080136fc                RegionCommonComputeSymbolTimeFsk
 .text.RegionCommonComputeRxWindowParameters
                0x08013714       0xbc ./objects/regioncommon.o
                0x08013714                RegionCommonComputeRxWindowParameters
 .text.RegionCommonComputeTxPower
                0x080137d0       0x2c ./objects/regioncommon.o
                0x080137d0                RegionCommonComputeTxPower
 .text.RegionCommonCalcBackOff
                0x080137fc       0x90 ./objects/regioncommon.o
                0x080137fc                RegionCommonCalcBackOff
 .text.RegionEU868GetPhyParam
                0x0801388c      0x108 ./objects/regioneu868.o
                0x0801388c                RegionEU868GetPhyParam
 .text.RegionEU868SetBandTxDone
                0x08013994       0x24 ./objects/regioneu868.o
                0x08013994                RegionEU868SetBandTxDone
 .text.RegionEU868InitDefaults
                0x080139b8       0xb4 ./objects/regioneu868.o
                0x080139b8                RegionEU868InitDefaults
 .text.RegionEU868GetNvmCtx
                0x08013a6c       0x10 ./objects/regioneu868.o
                0x08013a6c                RegionEU868GetNvmCtx
 .text.RegionEU868Verify
                0x08013a7c       0x48 ./objects/regioneu868.o
                0x08013a7c                RegionEU868Verify
 .text.RegionEU868ApplyCFList
                0x08013ac4      0x1b8 ./objects/regioneu868.o
                0x08013ac4                RegionEU868ApplyCFList
 .text.RegionEU868ChanMaskSet
                0x08013c7c       0x34 ./objects/regioneu868.o
                0x08013c7c                RegionEU868ChanMaskSet
 .text.RegionEU868ComputeRxWindowParameters
                0x08013cb0       0x94 ./objects/regioneu868.o
                0x08013cb0                RegionEU868ComputeRxWindowParameters
 .text.RegionEU868RxConfig
                0x08013d44      0x10c ./objects/regioneu868.o
                0x08013d44                RegionEU868RxConfig
 .text.RegionEU868TxConfig
                0x08013e50      0x13c ./objects/regioneu868.o
                0x08013e50                RegionEU868TxConfig
 .text.RegionEU868LinkAdrReq
                0x08013f8c      0x300 ./objects/regioneu868.o
                0x08013f8c                RegionEU868LinkAdrReq
 .text.RegionEU868RxParamSetupReq
                0x0801428c       0x9c ./objects/regioneu868.o
                0x0801428c                RegionEU868RxParamSetupReq
 .text.RegionEU868NewChannelReq
                0x08014328      0x190 ./objects/regioneu868.o
                0x08014328                RegionEU868NewChannelReq
 .text.RegionEU868TxParamSetupReq
                0x080144b8        0x8 ./objects/regioneu868.o
                0x080144b8                RegionEU868TxParamSetupReq
 .text.RegionEU868DlChannelReq
                0x080144c0       0x9c ./objects/regioneu868.o
                0x080144c0                RegionEU868DlChannelReq
 .text.RegionEU868AlternateDr
                0x0801455c        0x4 ./objects/regioneu868.o
                0x0801455c                RegionEU868AlternateDr
 .text.RegionEU868CalcBackOff
                0x08014560       0x34 ./objects/regioneu868.o
                0x08014560                RegionEU868CalcBackOff
 .text.RegionEU868NextChannel
                0x08014594      0x1c8 ./objects/regioneu868.o
                0x08014594                RegionEU868NextChannel
 .text.RegionEU868SetContinuousWave
                0x0801475c       0x50 ./objects/regioneu868.o
                0x0801475c                RegionEU868SetContinuousWave
 .text.RegionEU868ApplyDrOffset
                0x080147ac       0x10 ./objects/regioneu868.o
                0x080147ac                RegionEU868ApplyDrOffset
 .text.LPM_SetOffMode
                0x080147bc       0x2c ./objects/low_power_manager.o
                0x080147bc                LPM_SetOffMode
 .text.LPM_SetStopMode
                0x080147e8       0x2c ./objects/low_power_manager.o
                0x080147e8                LPM_SetStopMode
 .text.LPM_GetMode
                0x08014814       0x24 ./objects/low_power_manager.o
                0x08014814                LPM_GetMode
 .text.LPM_ExitSleepMode
                0x08014838        0x4 ./objects/low_power_manager.o
                0x08014838                LPM_ExitSleepMode
 .text.LPM_EnterOffMode
                0x0801483c        0x4 ./objects/low_power_manager.o
                0x0801483c                LPM_EnterOffMode
 .text.LPM_ExitOffMode
                0x08014840        0x4 ./objects/low_power_manager.o
                0x08014840                LPM_ExitOffMode
 .text.LPM_EnterLowPower
                0x08014844       0x34 ./objects/low_power_manager.o
                0x08014844                LPM_EnterLowPower
 .text.TimerInit
                0x08014878       0x14 ./objects/timeserver.o
                0x08014878                TimerInit
 .text.TimerStart
                0x0801488c       0xd8 ./objects/timeserver.o
                0x0801488c                TimerStart
 .text.TimerIsStarted
                0x08014964        0x4 ./objects/timeserver.o
                0x08014964                TimerIsStarted
 .text.TimerIrqHandler
                0x08014968       0xc0 ./objects/timeserver.o
                0x08014968                TimerIrqHandler
 .text.TimerStop
                0x08014a28       0x88 ./objects/timeserver.o
                0x08014a28                TimerStop
 .text.TimerSetValue
                0x08014ab0       0xb8 ./objects/timeserver.o
                0x08014ab0                TimerSetValue
 .text.TimerGetCurrentTime
                0x08014b68        0xc ./objects/timeserver.o
                0x08014b68                TimerGetCurrentTime
 .text.TimerGetElapsedTime
                0x08014b74       0x18 ./objects/timeserver.o
                0x08014b74                TimerGetElapsedTime
 .text.rand1    0x08014b8c       0x2c ./objects/utilities.o
                0x08014b8c                rand1
 .text.srand1   0x08014bb8        0xc ./objects/utilities.o
                0x08014bb8                srand1
 .text.randr    0x08014bc4       0x3c ./objects/utilities.o
                0x08014bc4                randr
 .text.memcpy1  0x08014c00       0x84 ./objects/utilities.o
                0x08014c00                memcpy1
 .text.memcpyr  0x08014c84       0x1c ./objects/utilities.o
                0x08014c84                memcpyr
 .text.memset1  0x08014ca0       0x14 ./objects/utilities.o
                0x08014ca0                memset1
 .text.circular_queue_init
                0x08014cb4       0x10 ./objects/queue.o
                0x08014cb4                circular_queue_init
 .text.circular_queue_add
                0x08014cc4      0x31c ./objects/queue.o
                0x08014cc4                circular_queue_add
 .text.circular_queue_get
                0x08014fe0       0x40 ./objects/queue.o
                0x08014fe0                circular_queue_get
 .text.circular_queue_remove
                0x08015020       0x54 ./objects/queue.o
                0x08015020                circular_queue_remove
 .text.circular_queue_sense
                0x08015074        0xc ./objects/queue.o
                0x08015074                circular_queue_sense
 .text.Trace_TxCpltCallback
                0x08015080       0x58 ./objects/trace.o
 .text.TraceInit
                0x080150d8       0x24 ./objects/trace.o
                0x080150d8                TraceInit
 .text.TraceSend
                0x080150fc       0x80 ./objects/trace.o
                0x080150fc                TraceSend
 .text.SysTimeAdd
                0x0801517c       0x3c ./objects/systime.o
                0x0801517c                SysTimeAdd
 .text.SysTimeSub
                0x080151b8       0x34 ./objects/systime.o
                0x080151b8                SysTimeSub
 .text.SysTimeSet
                0x080151ec       0x40 ./objects/systime.o
                0x080151ec                SysTimeSet
 .text.SysTimeGet
                0x0801522c       0x58 ./objects/systime.o
                0x0801522c                SysTimeGet
 .text.SysTimeGetMcuTime
                0x08015284       0x24 ./objects/systime.o
                0x08015284                SysTimeGetMcuTime
 .text.aes_encrypt.part.0
                0x080152a8      0x3b0 ./objects/aes.o
 .text.aes_set_key
                0x08015658      0x234 ./objects/aes.o
                0x08015658                aes_set_key
 .text.aes_encrypt
                0x0801588c       0x18 ./objects/aes.o
                0x0801588c                aes_encrypt
 .text.AES_CMAC_Init
                0x080158a4       0x24 ./objects/cmac.o
                0x080158a4                AES_CMAC_Init
 .text.AES_CMAC_SetKey
                0x080158c8       0x10 ./objects/cmac.o
                0x080158c8                AES_CMAC_SetKey
 .text.AES_CMAC_Update
                0x080158d8      0x1e4 ./objects/cmac.o
                0x080158d8                AES_CMAC_Update
 .text.AES_CMAC_Final
                0x08015abc      0x4b8 ./objects/cmac.o
                0x08015abc                AES_CMAC_Final
 .text.DummyCB  0x08015f74        0x4 ./objects/soft-se.o
 .text.SecureElementInit
                0x08015f78       0xe4 ./objects/soft-se.o
                0x08015f78                SecureElementInit
 .text.SecureElementRestoreNvmCtx
                0x0801605c       0x20 ./objects/soft-se.o
                0x0801605c                SecureElementRestoreNvmCtx
 .text.SecureElementGetNvmCtx
                0x0801607c       0x10 ./objects/soft-se.o
                0x0801607c                SecureElementGetNvmCtx
 .text.SecureElementSetKey
                0x0801608c       0xb8 ./objects/soft-se.o
                0x0801608c                SecureElementSetKey
 .text.SecureElementComputeAesCmac
                0x08016144       0x84 ./objects/soft-se.o
                0x08016144                SecureElementComputeAesCmac
 .text.SecureElementVerifyAesCmac
                0x080161c8       0x80 ./objects/soft-se.o
                0x080161c8                SecureElementVerifyAesCmac
 .text.SecureElementAesEncrypt
                0x08016248       0x90 ./objects/soft-se.o
                0x08016248                SecureElementAesEncrypt
 .text.SecureElementDeriveAndStoreKey
                0x080162d8      0x120 ./objects/soft-se.o
                0x080162d8                SecureElementDeriveAndStoreKey
 .text.ceil     0x080163f8      0x128 c:/program files (x86)/gnu tools arm embedded/7 2018-q2-update/bin/../lib/gcc/arm-none-eabi/7.3.1/../../../../arm-none-eabi/lib/thumb/v6-m\libm.a(lib_a-s_ceil.o)
                0x080163f8                ceil
 .text.floor    0x08016520      0x138 c:/program files (x86)/gnu tools arm embedded/7 2018-q2-update/bin/../lib/gcc/arm-none-eabi/7.3.1/../../../../arm-none-eabi/lib/thumb/v6-m\libm.a(lib_a-s_floor.o)
                0x08016520                floor
 .text.round    0x08016658       0xb0 c:/program files (x86)/gnu tools arm embedded/7 2018-q2-update/bin/../lib/gcc/arm-none-eabi/7.3.1/../../../../arm-none-eabi/lib/thumb/v6-m\libm.a(lib_a-s_round.o)
                0x08016658                round
 .text.__libc_init_array
                0x08016708       0x48 c:/program files (x86)/gnu tools arm embedded/7 2018-q2-update/bin/../lib/gcc/arm-none-eabi/7.3.1/../../../../arm-none-eabi/lib/thumb/v6-m\libc_nano.a(lib_a-init.o)
                0x08016708                __libc_init_array
 .text.memset   0x08016750       0x10 c:/program files (x86)/gnu tools arm embedded/7 2018-q2-update/bin/../lib/gcc/arm-none-eabi/7.3.1/../../../../arm-none-eabi/lib/thumb/v6-m\libc_nano.a(lib_a-memset.o)
                0x08016750                memset
 .text._vsnprintf_r
                0x08016760       0x56 c:/program files (x86)/gnu tools arm embedded/7 2018-q2-update/bin/../lib/gcc/arm-none-eabi/7.3.1/../../../../arm-none-eabi/lib/thumb/v6-m\libc_nano.a(lib_a-vsnprintf.o)
                0x08016760                _vsniprintf_r
                0x08016760                _vsnprintf_r
 *fill*         0x080167b6        0x2 
 .text.vsnprintf
                0x080167b8       0x18 c:/program files (x86)/gnu tools arm embedded/7 2018-q2-update/bin/../lib/gcc/arm-none-eabi/7.3.1/../../../../arm-none-eabi/lib/thumb/v6-m\libc_nano.a(lib_a-vsnprintf.o)
                0x080167b8                vsniprintf
                0x080167b8                vsnprintf
 .text.__ssputs_r
                0x080167d0       0xc4 c:/program files (x86)/gnu tools arm embedded/7 2018-q2-update/bin/../lib/gcc/arm-none-eabi/7.3.1/../../../../arm-none-eabi/lib/thumb/v6-m\libc_nano.a(lib_a-nano-svfprintf.o)
                0x080167d0                __ssputs_r
 .text._svfprintf_r
                0x08016894      0x1fc c:/program files (x86)/gnu tools arm embedded/7 2018-q2-update/bin/../lib/gcc/arm-none-eabi/7.3.1/../../../../arm-none-eabi/lib/thumb/v6-m\libc_nano.a(lib_a-nano-svfprintf.o)
                0x08016894                _svfiprintf_r
                0x08016894                _svfprintf_r
 .text._printf_common
                0x08016a90       0xda c:/program files (x86)/gnu tools arm embedded/7 2018-q2-update/bin/../lib/gcc/arm-none-eabi/7.3.1/../../../../arm-none-eabi/lib/thumb/v6-m\libc_nano.a(lib_a-nano-vfprintf_i.o)
                0x08016a90                _printf_common
 *fill*         0x08016b6a        0x2 
 .text._printf_i
                0x08016b6c      0x210 c:/program files (x86)/gnu tools arm embedded/7 2018-q2-update/bin/../lib/gcc/arm-none-eabi/7.3.1/../../../../arm-none-eabi/lib/thumb/v6-m\libc_nano.a(lib_a-nano-vfprintf_i.o)
                0x08016b6c                _printf_i
 .text.memchr   0x08016d7c       0x16 c:/program files (x86)/gnu tools arm embedded/7 2018-q2-update/bin/../lib/gcc/arm-none-eabi/7.3.1/../../../../arm-none-eabi/lib/thumb/v6-m\libc_nano.a(lib_a-memchr-stub.o)
                0x08016d7c                memchr
 .text.memcpy   0x08016d92       0x12 c:/program files (x86)/gnu tools arm embedded/7 2018-q2-update/bin/../lib/gcc/arm-none-eabi/7.3.1/../../../../arm-none-eabi/lib/thumb/v6-m\libc_nano.a(lib_a-memcpy-stub.o)
                0x08016d92                memcpy
 .text.memmove  0x08016da4       0x26 c:/program files (x86)/gnu tools arm embedded/7 2018-q2-update/bin/../lib/gcc/arm-none-eabi/7.3.1/../../../../arm-none-eabi/lib/thumb/v6-m\libc_nano.a(lib_a-memmove.o)
                0x08016da4                memmove
 *fill*         0x08016dca        0x2 
 .text._free_r  0x08016dcc       0x94 c:/program files (x86)/gnu tools arm embedded/7 2018-q2-update/bin/../lib/gcc/arm-none-eabi/7.3.1/../../../../arm-none-eabi/lib/thumb/v6-m\libc_nano.a(lib_a-nano-freer.o)
                0x08016dcc                _free_r
 .text._malloc_r
                0x08016e60       0xbc c:/program files (x86)/gnu tools arm embedded/7 2018-q2-update/bin/../lib/gcc/arm-none-eabi/7.3.1/../../../../arm-none-eabi/lib/thumb/v6-m\libc_nano.a(lib_a-nano-mallocr.o)
                0x08016e60                _malloc_r
 .text._realloc_r
                0x08016f1c       0x4c c:/program files (x86)/gnu tools arm embedded/7 2018-q2-update/bin/../lib/gcc/arm-none-eabi/7.3.1/../../../../arm-none-eabi/lib/thumb/v6-m\libc_nano.a(lib_a-nano-reallocr.o)
                0x08016f1c                _realloc_r
 .text._sbrk_r  0x08016f68       0x24 c:/program files (x86)/gnu tools arm embedded/7 2018-q2-update/bin/../lib/gcc/arm-none-eabi/7.3.1/../../../../arm-none-eabi/lib/thumb/v6-m\libc_nano.a(lib_a-sbrkr.o)
                0x08016f68                _sbrk_r
 .text.__malloc_lock
                0x08016f8c        0x2 c:/program files (x86)/gnu tools arm embedded/7 2018-q2-update/bin/../lib/gcc/arm-none-eabi/7.3.1/../../../../arm-none-eabi/lib/thumb/v6-m\libc_nano.a(lib_a-mlock.o)
                0x08016f8c                __malloc_lock
 .text.__malloc_unlock
                0x08016f8e        0x2 c:/program files (x86)/gnu tools arm embedded/7 2018-q2-update/bin/../lib/gcc/arm-none-eabi/7.3.1/../../../../arm-none-eabi/lib/thumb/v6-m\libc_nano.a(lib_a-mlock.o)
                0x08016f8e                __malloc_unlock
 .text._malloc_usable_size_r
                0x08016f90       0x10 c:/program files (x86)/gnu tools arm embedded/7 2018-q2-update/bin/../lib/gcc/arm-none-eabi/7.3.1/../../../../arm-none-eabi/lib/thumb/v6-m\libc_nano.a(lib_a-nano-msizer.o)
                0x08016f90                _malloc_usable_size_r
 .text._sbrk    0x08016fa0       0x1c c:/program files (x86)/gnu tools arm embedded/7 2018-q2-update/bin/../lib/gcc/arm-none-eabi/7.3.1/../../../../arm-none-eabi/lib/thumb/v6-m\libnosys.a(sbrk.o)
                0x08016fa0                _sbrk
 *(.glue_7)
 .glue_7        0x08016fbc        0x0 linker stubs
 *(.glue_7t)
 .glue_7t       0x08016fbc        0x0 linker stubs
 *(.eh_frame)
 .eh_frame      0x08016fbc        0x0 c:/program files (x86)/gnu tools arm embedded/7 2018-q2-update/bin/../lib/gcc/arm-none-eabi/7.3.1/thumb/v6-m/crtbegin.o
 *(.init)
 .init          0x08016fbc        0x4 c:/program files (x86)/gnu tools arm embedded/7 2018-q2-update/bin/../lib/gcc/arm-none-eabi/7.3.1/thumb/v6-m/crti.o
                0x08016fbc                _init
 .init          0x08016fc0        0x8 c:/program files (x86)/gnu tools arm embedded/7 2018-q2-update/bin/../lib/gcc/arm-none-eabi/7.3.1/thumb/v6-m/crtn.o
 *(.fini)
 .fini          0x08016fc8        0x4 c:/program files (x86)/gnu tools arm embedded/7 2018-q2-update/bin/../lib/gcc/arm-none-eabi/7.3.1/thumb/v6-m/crti.o
                0x08016fc8                _fini
 .fini          0x08016fcc        0x8 c:/program files (x86)/gnu tools arm embedded/7 2018-q2-update/bin/../lib/gcc/arm-none-eabi/7.3.1/thumb/v6-m/crtn.o
                0x08016fd4                . = ALIGN (0x4)
                0x08016fd4                _etext = .

.vfp11_veneer   0x08016fd4        0x0
 .vfp11_veneer  0x08016fd4        0x0 linker stubs

.v4_bx          0x08016fd4        0x0
 .v4_bx         0x08016fd4        0x0 linker stubs

.iplt           0x08016fd4        0x0
 .iplt          0x08016fd4        0x0 c:/program files (x86)/gnu tools arm embedded/7 2018-q2-update/bin/../lib/gcc/arm-none-eabi/7.3.1/thumb/v6-m/crtbegin.o

.rodata         0x08016fd8     0x115c
                0x08016fd8                . = ALIGN (0x4)
 *(.rodata)
 .rodata        0x08016fd8      0x120 ./objects/sx1276.o
                0x08017000                RadioRegsInit
                0x08017048                FskBandwidths
 .rodata        0x080170f8       0x74 ./objects/mlm32l07x01.o
                0x080170f8                Radio
 .rodata        0x0801716c        0xe ./objects/b-l072z-lrwan1.o
                0x0801716c                LED_PIN
                0x08017174                BUTTON_IRQn
                0x08017178                BUTTON_PIN
 *fill*         0x0801717a        0x2 
 .rodata        0x0801717c       0x24 ./objects/system_stm32l0xx.o
                0x0801717c                PLLMulTable
                0x08017188                AHBPrescTable
                0x08017198                APBPrescTable
 .rodata        0x080171a0      0x17c ./objects/stm32l0xx_hal_uart.o
 .rodata        0x0801731c       0x18 ./objects/hw_rtc.o
 .rodata        0x08017334       0x20 ./objects/lora-test.o
 .rodata        0x08017354      0x214 ./objects/loramac.o
 .rodata        0x08017568       0x40 ./objects/loramaccrypto.o
 .rodata        0x080175a8       0x34 ./objects/loramacfcnthandler.o
 .rodata        0x080175dc      0x134 ./objects/regioneu868.o
 .rodata        0x08017710      0x300 ./objects/aes.o
 .rodata        0x08017a10       0x80 c:/program files (x86)/gnu tools arm embedded/7 2018-q2-update/bin/../lib/gcc/arm-none-eabi/7.3.1/thumb/v6-m\libgcc.a(divsf3.o)
 .rodata        0x08017a90       0x40 c:/program files (x86)/gnu tools arm embedded/7 2018-q2-update/bin/../lib/gcc/arm-none-eabi/7.3.1/thumb/v6-m\libgcc.a(mulsf3.o)
 .rodata        0x08017ad0       0x40 c:/program files (x86)/gnu tools arm embedded/7 2018-q2-update/bin/../lib/gcc/arm-none-eabi/7.3.1/thumb/v6-m\libgcc.a(divdf3.o)
 .rodata        0x08017b10       0x40 c:/program files (x86)/gnu tools arm embedded/7 2018-q2-update/bin/../lib/gcc/arm-none-eabi/7.3.1/thumb/v6-m\libgcc.a(muldf3.o)
 *(.rodata*)
 .rodata.str1.4
                0x08017b50       0x10 ./objects/debug.o
 .rodata.str1.4
                0x08017b60       0x72 ./objects/main.o
 *fill*         0x08017bd2        0x2 
 .rodata.str1.4
                0x08017bd4      0x4dd ./objects/lora.o
 *fill*         0x080180b1        0x3 
 .rodata.str1.4
                0x080180b4       0x4c ./objects/loramac.o
                                 0x49 (size before relaxing)
 .rodata._svfprintf_r.str1.1
                0x08018100       0x11 c:/program files (x86)/gnu tools arm embedded/7 2018-q2-update/bin/../lib/gcc/arm-none-eabi/7.3.1/../../../../arm-none-eabi/lib/thumb/v6-m\libc_nano.a(lib_a-nano-svfprintf.o)
 .rodata._printf_i.str1.1
                0x08018111       0x22 c:/program files (x86)/gnu tools arm embedded/7 2018-q2-update/bin/../lib/gcc/arm-none-eabi/7.3.1/../../../../arm-none-eabi/lib/thumb/v6-m\libc_nano.a(lib_a-nano-vfprintf_i.o)
                0x08018134                . = ALIGN (0x4)
 *fill*         0x08018133        0x1 

.ARM.extab
 *(.ARM.extab* .gnu.linkonce.armextab.*)

.ARM            0x08018134        0x8
                0x08018134                __exidx_start = .
 *(.ARM.exidx*)
 .ARM.exidx     0x08018134        0x8 c:/program files (x86)/gnu tools arm embedded/7 2018-q2-update/bin/../lib/gcc/arm-none-eabi/7.3.1/thumb/v6-m\libgcc.a(_udivmoddi4.o)
                0x0801813c                __exidx_end = .

.rel.dyn        0x0801813c        0x0
 .rel.iplt      0x0801813c        0x0 c:/program files (x86)/gnu tools arm embedded/7 2018-q2-update/bin/../lib/gcc/arm-none-eabi/7.3.1/thumb/v6-m/crtbegin.o

.preinit_array  0x0801813c        0x0
                0x0801813c                PROVIDE (__preinit_array_start = .)
 *(.preinit_array*)
                0x0801813c                PROVIDE (__preinit_array_end = .)

.init_array     0x0801813c        0x4
                0x0801813c                PROVIDE (__init_array_start = .)
 *(SORT_BY_NAME(.init_array.*))
 *(.init_array*)
 .init_array    0x0801813c        0x4 c:/program files (x86)/gnu tools arm embedded/7 2018-q2-update/bin/../lib/gcc/arm-none-eabi/7.3.1/thumb/v6-m/crtbegin.o
                0x08018140                PROVIDE (__init_array_end = .)

.fini_array     0x08018140        0x4
                [!provide]                PROVIDE (__fini_array_start = .)
 *(SORT_BY_NAME(.fini_array.*))
 *(.fini_array*)
 .fini_array    0x08018140        0x4 c:/program files (x86)/gnu tools arm embedded/7 2018-q2-update/bin/../lib/gcc/arm-none-eabi/7.3.1/thumb/v6-m/crtbegin.o
                [!provide]                PROVIDE (__fini_array_end = .)
                0x08018144                _sidata = LOADADDR (.data)

.data           0x20000000      0x200 load address 0x08018144
                0x20000000                . = ALIGN (0x4)
                0x20000000                _sdata = .
 *(.data)
 .data          0x20000000       0x18 ./objects/sx1276.o
                0x20000000                DioIrq
 .data          0x20000018       0x18 ./objects/mlm32l07x01.o
 .data          0x20000030       0x14 ./objects/b-l072z-lrwan1.o
                0x20000030                LED_PORT
                0x20000040                BUTTON_PORT
 .data          0x20000044        0x4 ./objects/system_stm32l0xx.o
                0x20000044                SystemCoreClock
 .data          0x20000048       0x30 ./objects/main.o
                0x20000048                AppData
 .data          0x20000078      0x108 ./objects/lora.o
                0x200000a8                MlmeReqStrings
                0x200000e4                MacStatusStrings
                0x2000013c                EventInfoStatusStrings
 .data          0x20000180       0x14 ./objects/loramaccrypto.o
 .data          0x20000194        0x4 ./objects/utilities.o
 .data          0x20000198        0x1 ./objects/trace.o
                0x20000198                TracePeripheralReady
 *(.data*)
 *fill*         0x20000199        0x3 
 .data._impure_ptr
                0x2000019c        0x4 c:/program files (x86)/gnu tools arm embedded/7 2018-q2-update/bin/../lib/gcc/arm-none-eabi/7.3.1/../../../../arm-none-eabi/lib/thumb/v6-m\libc_nano.a(lib_a-impure.o)
                0x2000019c                _impure_ptr
 .data.impure_data
                0x200001a0       0x60 c:/program files (x86)/gnu tools arm embedded/7 2018-q2-update/bin/../lib/gcc/arm-none-eabi/7.3.1/../../../../arm-none-eabi/lib/thumb/v6-m\libc_nano.a(lib_a-impure.o)
                0x20000200                . = ALIGN (0x4)
                0x20000200                _edata = .

.igot.plt       0x20000200        0x0 load address 0x08018344
 .igot.plt      0x20000200        0x0 c:/program files (x86)/gnu tools arm embedded/7 2018-q2-update/bin/../lib/gcc/arm-none-eabi/7.3.1/thumb/v6-m/crtbegin.o
                0x20000200                . = ALIGN (0x4)

.bss            0x20000200     0x1378 load address 0x08018344
                0x20000200                _sbss = .
                0x20000200                __bss_start__ = _sbss
 *(.bss)
 .bss           0x20000200       0x1c c:/program files (x86)/gnu tools arm embedded/7 2018-q2-update/bin/../lib/gcc/arm-none-eabi/7.3.1/thumb/v6-m/crtbegin.o
 .bss           0x2000021c      0x108 ./objects/sx1276.o
 .bss           0x20000324       0x40 ./objects/hw_gpio.o
 .bss           0x20000364       0x72 ./objects/hw_rtc.o
 *fill*         0x200003d6        0x2 
 .bss           0x200003d8       0x58 ./objects/hw_spi.o
 .bss           0x20000430       0x78 ./objects/main.o
                0x20000430                LoraMacProcessRequest
                0x2000044c                AppProcessRequest
 .bss           0x200004a8       0xb4 ./objects/vcom.o
 .bss           0x2000055c       0x64 ./objects/mlm32l0xx_hw.o
 .bss           0x200005c0       0x4c ./objects/lora.o
 .bss           0x2000060c       0x65 ./objects/lora-test.o
 *fill*         0x20000671        0x3 
 .bss           0x20000674      0x6a4 ./objects/loramac.o
                0x20000674                LoRaMacRadioEvents
 .bss           0x20000d18       0x40 ./objects/loramaccrypto.o
 .bss           0x20000d58      0x100 ./objects/loramaccommands.o
 .bss           0x20000e58       0x2a ./objects/loramacconfirmqueue.o
 *fill*         0x20000e82        0x2 
 .bss           0x20000e84       0x24 ./objects/loramacfcnthandler.o
 .bss           0x20000ea8      0x114 ./objects/regioneu868.o
 .bss           0x20000fbc        0x8 ./objects/low_power_manager.o
 .bss           0x20000fc4        0x4 ./objects/timeserver.o
 .bss           0x20000fc8      0x110 ./objects/trace.o
 .bss           0x200010d8      0x388 ./objects/soft-se.o
 *(.bss*)
 .bss.__malloc_free_list
                0x20001460        0x4 c:/program files (x86)/gnu tools arm embedded/7 2018-q2-update/bin/../lib/gcc/arm-none-eabi/7.3.1/../../../../arm-none-eabi/lib/thumb/v6-m\libc_nano.a(lib_a-nano-mallocr.o)
                0x20001460                __malloc_free_list
 .bss.__malloc_sbrk_start
                0x20001464        0x4 c:/program files (x86)/gnu tools arm embedded/7 2018-q2-update/bin/../lib/gcc/arm-none-eabi/7.3.1/../../../../arm-none-eabi/lib/thumb/v6-m\libc_nano.a(lib_a-nano-mallocr.o)
                0x20001464                __malloc_sbrk_start
 .bss.heap_end.4102
                0x20001468        0x4 c:/program files (x86)/gnu tools arm embedded/7 2018-q2-update/bin/../lib/gcc/arm-none-eabi/7.3.1/../../../../arm-none-eabi/lib/thumb/v6-m\libnosys.a(sbrk.o)
 *(COMMON)
 COMMON         0x2000146c       0xb0 ./objects/sx1276.o
                0x2000146c                TxTimeoutTimer
                0x20001484                RxTimeoutSyncWord
                0x2000149c                SX1276
                0x20001504                RxTimeoutTimer
 COMMON         0x2000151c        0x4 ./objects/stm32l0xx_hal.o
                0x2000151c                uwTick
 COMMON         0x20001520       0x54 ./objects/loramac.o
                0x20001520                TxDoneParams
                0x20001524                RxDoneParams
                0x20001534                Contexts
 COMMON         0x20001574        0x4 c:/program files (x86)/gnu tools arm embedded/7 2018-q2-update/bin/../lib/gcc/arm-none-eabi/7.3.1/../../../../arm-none-eabi/lib/thumb/v6-m\libc_nano.a(lib_a-reent.o)
                0x20001574                errno
                0x20001578                . = ALIGN (0x4)
                0x20001578                _ebss = .
                0x20001578                __bss_end__ = _ebss

._user_heap_stack
                0x20001578      0x600 load address 0x08018344
                0x20001578                . = ALIGN (0x8)
                0x20001578                PROVIDE (end = .)
                [!provide]                PROVIDE (_end = .)
                0x20001778                . = (. + _Min_Heap_Size)
 *fill*         0x20001578      0x200 
                0x20001b78                . = (. + _Min_Stack_Size)
 *fill*         0x20001778      0x400 
                0x20001b78                . = ALIGN (0x8)

/DISCARD/
 libc.a(*)
 libm.a(*)
 libgcc.a(*)

.ARM.attributes
                0x00000000       0x28
 *(.ARM.attributes)
 .ARM.attributes
                0x00000000       0x1e c:/program files (x86)/gnu tools arm embedded/7 2018-q2-update/bin/../lib/gcc/arm-none-eabi/7.3.1/thumb/v6-m/crti.o
 .ARM.attributes
                0x0000001e       0x2c c:/program files (x86)/gnu tools arm embedded/7 2018-q2-update/bin/../lib/gcc/arm-none-eabi/7.3.1/thumb/v6-m/crtbegin.o
 .ARM.attributes
                0x0000004a       0x32 ./objects/sx1276.o
 .ARM.attributes
                0x0000007c       0x32 ./objects/mlm32l07x01.o
 .ARM.attributes
                0x000000ae       0x32 ./objects/b-l072z-lrwan1.o
 .ARM.attributes
                0x000000e0       0x32 ./objects/system_stm32l0xx.o
 .ARM.attributes
                0x00000112       0x32 ./objects/stm32l0xx_hal_spi.o
 .ARM.attributes
                0x00000144       0x32 ./objects/stm32l0xx_hal_uart.o
 .ARM.attributes
                0x00000176       0x32 ./objects/stm32l0xx_hal_adc.o
 .ARM.attributes
                0x000001a8       0x32 ./objects/stm32l0xx_hal_rcc.o
 .ARM.attributes
                0x000001da       0x32 ./objects/stm32l0xx_hal_rcc_ex.o
 .ARM.attributes
                0x0000020c       0x32 ./objects/stm32l0xx_hal.o
 .ARM.attributes
                0x0000023e       0x32 ./objects/stm32l0xx_hal_cortex.o
 .ARM.attributes
                0x00000270       0x32 ./objects/stm32l0xx_hal_gpio.o
 .ARM.attributes
                0x000002a2       0x32 ./objects/stm32l0xx_hal_dma.o
 .ARM.attributes
                0x000002d4       0x32 ./objects/stm32l0xx_hal_pwr.o
 .ARM.attributes
                0x00000306       0x32 ./objects/stm32l0xx_hal_pwr_ex.o
 .ARM.attributes
                0x00000338       0x32 ./objects/stm32l0xx_hal_rtc.o
 .ARM.attributes
                0x0000036a       0x32 ./objects/stm32l0xx_hal_rtc_ex.o